******************************************************************************
                  TI ARM Linker PC v20.2.0                     
******************************************************************************
>> Linked Wed Apr 15 14:49:43 2020

OUTPUT FILE NAME:   <A2 - Blinking LED, Clock Control, and Software Delay.out>
ENTRY POINT SYMBOL: "_c_int00_noargs"  address: 000008c5


MEMORY CONFIGURATION

         name            origin    length      used     unused   attr    fill
----------------------  --------  ---------  --------  --------  ----  --------
  MAIN                  00000000   00040000  00000954  0003f6ac  R  X
  INFO                  00200000   00004000  00000000  00004000  R  X
  SRAM_CODE             01000000   00010000  00000204  0000fdfc  RW X
  SRAM_DATA             20000000   00010000  00000204  0000fdfc  RW  


SEGMENT ALLOCATION MAP

run origin  load origin   length   init length attrs members
----------  ----------- ---------- ----------- ----- -------
00000000    00000000    00000958   00000958    r-x
  00000000    00000000    000000e4   000000e4    r-- .intvecs
  000000e4    000000e4    00000858   00000858    r-x .text
  00000940    00000940    00000018   00000018    r-- .cinit
20000000    20000000    00000004   00000000    rw-
  20000000    20000000    00000004   00000000    rw- .data
2000fe00    2000fe00    00000200   00000000    rw-
  2000fe00    2000fe00    00000200   00000000    rw- .stack


SECTION ALLOCATION MAP

 output                                  attributes/
section   page    origin      length       input sections
--------  ----  ----------  ----------   ----------------
.intvecs   0    00000000    000000e4     
                  00000000    000000e4     startup_msp432p401r_ccs.obj (.intvecs:retain)

.text      0    000000e4    00000858     
                  000000e4    00000334     system_msp432p401r.obj (.text)
                  00000418    00000120     main.obj (.text)
                  00000538    000000fc     rtsv7M4_T_le_v4SPD16_eabi.lib : fd_mul_t2.asm.obj (.text)
                  00000634    000000a0     My_DCO.obj (.text)
                  000006d4    0000009c     rtsv7M4_T_le_v4SPD16_eabi.lib : memcpy_t2.asm.obj (.text)
                  00000770    00000068                                   : copy_decompress_lzss.c.obj (.text:decompress:lzss:__TI_decompress_lzss)
                  000007d8    00000064     My_LEDS.obj (.text)
                  0000083c    00000044     rtsv7M4_T_le_v4SPD16_eabi.lib : autoinit.c.obj (.text:__TI_auto_init_nobinit_nopinit:__TI_auto_init_nobinit_nopinit)
                  00000880    00000044                                   : fd_tou_t2.asm.obj (.text)
                  000008c4    00000034                                   : boot_cortex_m.c.obj (.text:_c_int00_noargs:_c_int00_noargs)
                  000008f8    00000020                                   : u_tofd_t2.asm.obj (.text)
                  00000918    0000000e                                   : copy_decompress_none.c.obj (.text:decompress:none:__TI_decompress_none)
                  00000926    0000000e     startup_msp432p401r_ccs.obj (.text)
                  00000934    00000004     rtsv7M4_T_le_v4SPD16_eabi.lib : pre_init.c.obj (.text:_system_pre_init)
                  00000938    00000004                                   : exit.c.obj (.text:abort:abort)

.cinit     0    00000940    00000018     
                  00000940    00000008     (.cinit..data.load) [load image, compression = lzss]
                  00000948    00000008     (__TI_handler_table)
                  00000950    00000008     (__TI_cinit_table)

.init_array 
*          0    00000000    00000000     UNINITIALIZED

.binit     0    00000000    00000000     

.data      0    20000000    00000004     UNINITIALIZED
                  20000000    00000004     system_msp432p401r.obj (.data)

.stack     0    2000fe00    00000200     UNINITIALIZED
                  2000fe00    00000004     rtsv7M4_T_le_v4SPD16_eabi.lib : boot_cortex_m.c.obj (.stack)
                  2000fe04    000001fc     --HOLE--

__llvm_prf_cnts 
*          0    20000000    00000000     UNINITIALIZED

MODULE SUMMARY

       Module                        code   ro data   rw data
       ------                        ----   -------   -------
    .\
       system_msp432p401r.obj        820    0         8      
       main.obj                      288    0         0      
       startup_msp432p401r_ccs.obj   14     228       0      
       My_DCO.obj                    160    0         0      
       My_LEDS.obj                   100    0         0      
    +--+-----------------------------+------+---------+---------+
       Total:                        1382   228       8      
                                                             
    C:\Users\luisg\ti\ccs1000\ccs\tools\compiler\ti-cgt-arm_20.2.0.LTS\lib\rtsv7M4_T_le_v4SPD16_eabi.lib
       fd_mul_t2.asm.obj             252    0         0      
       memcpy_t2.asm.obj             156    0         0      
       copy_decompress_lzss.c.obj    104    0         0      
       autoinit.c.obj                68     0         0      
       fd_tou_t2.asm.obj             68     0         0      
       boot_cortex_m.c.obj           52     0         0      
       u_tofd_t2.asm.obj             32     0         0      
       copy_decompress_none.c.obj    14     0         0      
       exit.c.obj                    4      0         0      
       pre_init.c.obj                4      0         0      
    +--+-----------------------------+------+---------+---------+
       Total:                        754    0         0      
                                                             
       Stack:                        0      0         1024   
       Linker Generated:             0      24        0      
    +--+-----------------------------+------+---------+---------+
       Grand Total:                  2136   252       1032   


LINKER GENERATED COPY TABLES

__TI_cinit_table @ 00000950 records: 1, size/record: 8, table size: 8
	.data: load addr=00000940, load size=00000008 bytes, run addr=20000000, run size=00000004 bytes, compression=lzss


LINKER GENERATED HANDLER TABLE

__TI_handler_table @ 00000948 records: 2, size/record: 4, table size: 8
	index: 0, handler: __TI_decompress_lzss
	index: 1, handler: __TI_decompress_none


GLOBAL SYMBOLS: SORTED ALPHABETICALLY BY Name 

address   name                          
-------   ----                          
00000933  ADC14_IRQHandler              
00000933  AES256_IRQHandler             
00000933  BusFault_Handler              
00000939  C$$EXIT                       
00000933  COMP_E0_IRQHandler            
00000933  COMP_E1_IRQHandler            
00000933  CS_IRQHandler                 
00000933  DMA_ERR_IRQHandler            
00000933  DMA_INT0_IRQHandler           
00000933  DMA_INT1_IRQHandler           
00000933  DMA_INT2_IRQHandler           
00000933  DMA_INT3_IRQHandler           
00000933  DebugMon_Handler              
00000933  Default_Handler               
00000933  EUSCIA0_IRQHandler            
00000933  EUSCIA1_IRQHandler            
00000933  EUSCIA2_IRQHandler            
00000933  EUSCIA3_IRQHandler            
00000933  EUSCIB0_IRQHandler            
00000933  EUSCIB1_IRQHandler            
00000933  EUSCIB2_IRQHandler            
00000933  EUSCIB3_IRQHandler            
00000933  FLCTL_IRQHandler              
00000933  FPU_IRQHandler                
00000933  HardFault_Handler             
00000933  MemManage_Handler             
00000933  NMI_Handler                   
00000933  PCM_IRQHandler                
00000933  PORT1_IRQHandler              
00000933  PORT2_IRQHandler              
00000933  PORT3_IRQHandler              
00000933  PORT4_IRQHandler              
00000933  PORT5_IRQHandler              
00000933  PORT6_IRQHandler              
00000933  PSS_IRQHandler                
00000933  PendSV_Handler                
00000933  RTC_C_IRQHandler              
00000927  Reset_Handler                 
00000933  SVC_Handler                   
00000933  SysTick_Handler               
20000000  SystemCoreClock               
000000e5  SystemCoreClockUpdate         
0000035d  SystemInit                    
00000933  T32_INT1_IRQHandler           
00000933  T32_INT2_IRQHandler           
00000933  T32_INTC_IRQHandler           
00000933  TA0_0_IRQHandler              
00000933  TA0_N_IRQHandler              
00000933  TA1_0_IRQHandler              
00000933  TA1_N_IRQHandler              
00000933  TA2_0_IRQHandler              
00000933  TA2_N_IRQHandler              
00000933  TA3_0_IRQHandler              
00000933  TA3_N_IRQHandler              
00000933  UsageFault_Handler            
4000480c  WDTCTL_SYM                    
00000933  WDT_A_IRQHandler              
20010000  __STACK_END                   
00000200  __STACK_SIZE                  
00000950  __TI_CINIT_Base               
00000958  __TI_CINIT_Limit              
00000948  __TI_Handler_Table_Base       
00000950  __TI_Handler_Table_Limit      
0000083d  __TI_auto_init_nobinit_nopinit
00000771  __TI_decompress_lzss          
00000919  __TI_decompress_none          
ffffffff  __TI_pprof_out_hndl           
ffffffff  __TI_prof_data_size           
ffffffff  __TI_prof_data_start          
00000000  __TI_static_base__            
00000881  __aeabi_d2uiz                 
00000539  __aeabi_dmul                  
000006d5  __aeabi_memcpy                
000006d5  __aeabi_memcpy4               
000006d5  __aeabi_memcpy8               
000008f9  __aeabi_ui2d                  
ffffffff  __binit__                     
ffffffff  __c_args__                    
UNDEFED   __mpu_init                    
2000fe00  __stack                       
20000000  __start___llvm_prf_cnts       
20000000  __stop___llvm_prf_cnts        
000008c5  _c_int00_noargs               
UNDEFED   _system_post_cinit            
00000935  _system_pre_init              
00000939  abort                         
ffffffff  binit                         
000007f9  blink_RED_LED                 
0000046f  delay_us                      
000006b7  get_DCO_Frequency             
00000000  interruptVectors              
00000419  main                          
000006d5  memcpy                        
00000635  setup_DCO                     
000006a1  setup_MCLK_to_DCO             
000007d9  setup_RED_LED                 


GLOBAL SYMBOLS: SORTED BY Symbol Address 

address   name                          
-------   ----                          
00000000  __TI_static_base__            
00000000  interruptVectors              
000000e5  SystemCoreClockUpdate         
00000200  __STACK_SIZE                  
0000035d  SystemInit                    
00000419  main                          
0000046f  delay_us                      
00000539  __aeabi_dmul                  
00000635  setup_DCO                     
000006a1  setup_MCLK_to_DCO             
000006b7  get_DCO_Frequency             
000006d5  __aeabi_memcpy                
000006d5  __aeabi_memcpy4               
000006d5  __aeabi_memcpy8               
000006d5  memcpy                        
00000771  __TI_decompress_lzss          
000007d9  setup_RED_LED                 
000007f9  blink_RED_LED                 
0000083d  __TI_auto_init_nobinit_nopinit
00000881  __aeabi_d2uiz                 
000008c5  _c_int00_noargs               
000008f9  __aeabi_ui2d                  
00000919  __TI_decompress_none          
00000927  Reset_Handler                 
00000933  ADC14_IRQHandler              
00000933  AES256_IRQHandler             
00000933  BusFault_Handler              
00000933  COMP_E0_IRQHandler            
00000933  COMP_E1_IRQHandler            
00000933  CS_IRQHandler                 
00000933  DMA_ERR_IRQHandler            
00000933  DMA_INT0_IRQHandler           
00000933  DMA_INT1_IRQHandler           
00000933  DMA_INT2_IRQHandler           
00000933  DMA_INT3_IRQHandler           
00000933  DebugMon_Handler              
00000933  Default_Handler               
00000933  EUSCIA0_IRQHandler            
00000933  EUSCIA1_IRQHandler            
00000933  EUSCIA2_IRQHandler            
00000933  EUSCIA3_IRQHandler            
00000933  EUSCIB0_IRQHandler            
00000933  EUSCIB1_IRQHandler            
00000933  EUSCIB2_IRQHandler            
00000933  EUSCIB3_IRQHandler            
00000933  FLCTL_IRQHandler              
00000933  FPU_IRQHandler                
00000933  HardFault_Handler             
00000933  MemManage_Handler             
00000933  NMI_Handler                   
00000933  PCM_IRQHandler                
00000933  PORT1_IRQHandler              
00000933  PORT2_IRQHandler              
00000933  PORT3_IRQHandler              
00000933  PORT4_IRQHandler              
00000933  PORT5_IRQHandler              
00000933  PORT6_IRQHandler              
00000933  PSS_IRQHandler                
00000933  PendSV_Handler                
00000933  RTC_C_IRQHandler              
00000933  SVC_Handler                   
00000933  SysTick_Handler               
00000933  T32_INT1_IRQHandler           
00000933  T32_INT2_IRQHandler           
00000933  T32_INTC_IRQHandler           
00000933  TA0_0_IRQHandler              
00000933  TA0_N_IRQHandler              
00000933  TA1_0_IRQHandler              
00000933  TA1_N_IRQHandler              
00000933  TA2_0_IRQHandler              
00000933  TA2_N_IRQHandler              
00000933  TA3_0_IRQHandler              
00000933  TA3_N_IRQHandler              
00000933  UsageFault_Handler            
00000933  WDT_A_IRQHandler              
00000935  _system_pre_init              
00000939  C$$EXIT                       
00000939  abort                         
00000948  __TI_Handler_Table_Base       
00000950  __TI_CINIT_Base               
00000950  __TI_Handler_Table_Limit      
00000958  __TI_CINIT_Limit              
20000000  SystemCoreClock               
20000000  __start___llvm_prf_cnts       
20000000  __stop___llvm_prf_cnts        
2000fe00  __stack                       
20010000  __STACK_END                   
4000480c  WDTCTL_SYM                    
ffffffff  __TI_pprof_out_hndl           
ffffffff  __TI_prof_data_size           
ffffffff  __TI_prof_data_start          
ffffffff  __binit__                     
ffffffff  __c_args__                    
ffffffff  binit                         
UNDEFED   __mpu_init                    
UNDEFED   _system_post_cinit            

[96 symbols]
