******************************************************************************
                  TI ARM Linker PC v20.2.1                     
******************************************************************************
>> Linked Thu Jun 11 23:04:42 2020

OUTPUT FILE NAME:   <Exam-3-Q1.out>
ENTRY POINT SYMBOL: "_c_int00_noargs"  address: 0000064d


MEMORY CONFIGURATION

         name            origin    length      used     unused   attr    fill
----------------------  --------  ---------  --------  --------  ----  --------
  MAIN                  00000000   00040000  000006c6  0003f93a  R  X
  INFO                  00200000   00004000  00000000  00004000  R  X
  SRAM_CODE             01000000   00010000  00000204  0000fdfc  RW X
  SRAM_DATA             20000000   00010000  00000204  0000fdfc  RW  


SEGMENT ALLOCATION MAP

run origin  load origin   length   init length attrs members
----------  ----------- ---------- ----------- ----- -------
00000000    00000000    000006c8   000006c8    r-x
  00000000    00000000    000000e4   000000e4    r-- .intvecs
  000000e4    000000e4    000005c0   000005c0    r-x .text
  000006a4    000006a4    0000000a   0000000a    r-- .const
  000006b0    000006b0    00000018   00000018    r-- .cinit
20000000    20000000    00000004   00000000    rw-
  20000000    20000000    00000004   00000000    rw- .data
2000fe00    2000fe00    00000200   00000000    rw-
  2000fe00    2000fe00    00000200   00000000    rw- .stack


SECTION ALLOCATION MAP

 output                                  attributes/
section   page    origin      length       input sections
--------  ----  ----------  ----------   ----------------
.intvecs   0    00000000    000000e4     
                  00000000    000000e4     startup_msp432p401r_ccs.obj (.intvecs:retain)

.text      0    000000e4    000005c0     
                  000000e4    00000334     system_msp432p401r.obj (.text)
                  00000418    000000ec     main.obj (.text)
                  00000504    0000009c     rtsv7M4_T_le_v4SPD16_eabi.lib : memcpy_t2.asm.obj (.text)
                  000005a0    00000068                                   : copy_decompress_lzss.c.obj (.text:decompress:lzss:__TI_decompress_lzss)
                  00000608    00000044                                   : autoinit.c.obj (.text:__TI_auto_init_nobinit_nopinit:__TI_auto_init_nobinit_nopinit)
                  0000064c    00000034                                   : boot_cortex_m.c.obj (.text:_c_int00_noargs:_c_int00_noargs)
                  00000680    0000000e                                   : copy_decompress_none.c.obj (.text:decompress:none:__TI_decompress_none)
                  0000068e    0000000e     startup_msp432p401r_ccs.obj (.text)
                  0000069c    00000004     rtsv7M4_T_le_v4SPD16_eabi.lib : pre_init.c.obj (.text:_system_pre_init)
                  000006a0    00000004                                   : exit.c.obj (.text:abort:abort)

.const     0    000006a4    0000000a     
                  000006a4    0000000a     main.obj (.const:$P$T0$1)

.cinit     0    000006b0    00000018     
                  000006b0    00000008     (.cinit..data.load) [load image, compression = lzss]
                  000006b8    00000008     (__TI_handler_table)
                  000006c0    00000008     (__TI_cinit_table)

.init_array 
*          0    00000000    00000000     UNINITIALIZED

.binit     0    00000000    00000000     

.data      0    20000000    00000004     UNINITIALIZED
                  20000000    00000004     system_msp432p401r.obj (.data)

.stack     0    2000fe00    00000200     UNINITIALIZED
                  2000fe00    00000004     rtsv7M4_T_le_v4SPD16_eabi.lib : boot_cortex_m.c.obj (.stack)
                  2000fe04    000001fc     --HOLE--

__llvm_prf_cnts 
*          0    20000000    00000000     UNINITIALIZED

MODULE SUMMARY

       Module                        code   ro data   rw data
       ------                        ----   -------   -------
    .\
       system_msp432p401r.obj        820    0         8      
       main.obj                      236    10        0      
       startup_msp432p401r_ccs.obj   14     228       0      
    +--+-----------------------------+------+---------+---------+
       Total:                        1070   238       8      
                                                             
    C:\ti\ccs1000\ccs\tools\compiler\ti-cgt-arm_20.2.1.LTS\lib\rtsv7M4_T_le_v4SPD16_eabi.lib
       memcpy_t2.asm.obj             156    0         0      
       copy_decompress_lzss.c.obj    104    0         0      
       autoinit.c.obj                68     0         0      
       boot_cortex_m.c.obj           52     0         0      
       copy_decompress_none.c.obj    14     0         0      
       exit.c.obj                    4      0         0      
       pre_init.c.obj                4      0         0      
    +--+-----------------------------+------+---------+---------+
       Total:                        402    0         0      
                                                             
       Stack:                        0      0         1024   
       Linker Generated:             0      24        0      
    +--+-----------------------------+------+---------+---------+
       Grand Total:                  1472   262       1032   


LINKER GENERATED COPY TABLES

__TI_cinit_table @ 000006c0 records: 1, size/record: 8, table size: 8
	.data: load addr=000006b0, load size=00000008 bytes, run addr=20000000, run size=00000004 bytes, compression=lzss


LINKER GENERATED HANDLER TABLE

__TI_handler_table @ 000006b8 records: 2, size/record: 4, table size: 8
	index: 0, handler: __TI_decompress_lzss
	index: 1, handler: __TI_decompress_none


GLOBAL SYMBOLS: SORTED ALPHABETICALLY BY Name 

address   name                          
-------   ----                          
0000069b  ADC14_IRQHandler              
0000069b  AES256_IRQHandler             
0000069b  BusFault_Handler              
000006a1  C$$EXIT                       
0000069b  COMP_E0_IRQHandler            
0000069b  COMP_E1_IRQHandler            
0000069b  CS_IRQHandler                 
0000069b  DMA_ERR_IRQHandler            
0000069b  DMA_INT0_IRQHandler           
0000069b  DMA_INT1_IRQHandler           
0000069b  DMA_INT2_IRQHandler           
0000069b  DMA_INT3_IRQHandler           
0000069b  DebugMon_Handler              
0000069b  Default_Handler               
0000069b  EUSCIA0_IRQHandler            
0000069b  EUSCIA1_IRQHandler            
0000069b  EUSCIA2_IRQHandler            
0000069b  EUSCIA3_IRQHandler            
0000069b  EUSCIB0_IRQHandler            
0000069b  EUSCIB1_IRQHandler            
0000069b  EUSCIB2_IRQHandler            
0000069b  EUSCIB3_IRQHandler            
0000069b  FLCTL_IRQHandler              
0000069b  FPU_IRQHandler                
0000069b  HardFault_Handler             
0000069b  MemManage_Handler             
0000069b  NMI_Handler                   
0000069b  PCM_IRQHandler                
0000069b  PORT1_IRQHandler              
0000069b  PORT2_IRQHandler              
0000069b  PORT3_IRQHandler              
0000069b  PORT4_IRQHandler              
0000069b  PORT5_IRQHandler              
0000069b  PORT6_IRQHandler              
0000069b  PSS_IRQHandler                
0000069b  PendSV_Handler                
0000069b  RTC_C_IRQHandler              
0000068f  Reset_Handler                 
0000069b  SVC_Handler                   
0000069b  SysTick_Handler               
20000000  SystemCoreClock               
000000e5  SystemCoreClockUpdate         
0000035d  SystemInit                    
0000069b  T32_INT1_IRQHandler           
0000069b  T32_INT2_IRQHandler           
0000069b  T32_INTC_IRQHandler           
0000069b  TA0_0_IRQHandler              
0000069b  TA0_N_IRQHandler              
0000069b  TA1_0_IRQHandler              
0000069b  TA1_N_IRQHandler              
0000069b  TA2_0_IRQHandler              
0000069b  TA2_N_IRQHandler              
0000069b  TA3_0_IRQHandler              
0000069b  TA3_N_IRQHandler              
0000069b  UsageFault_Handler            
4000480c  WDTCTL_SYM                    
0000069b  WDT_A_IRQHandler              
20010000  __STACK_END                   
00000200  __STACK_SIZE                  
000006c0  __TI_CINIT_Base               
000006c8  __TI_CINIT_Limit              
000006b8  __TI_Handler_Table_Base       
000006c0  __TI_Handler_Table_Limit      
00000609  __TI_auto_init_nobinit_nopinit
000005a1  __TI_decompress_lzss          
00000681  __TI_decompress_none          
ffffffff  __TI_pprof_out_hndl           
ffffffff  __TI_prof_data_size           
ffffffff  __TI_prof_data_start          
00000000  __TI_static_base__            
00000505  __aeabi_memcpy                
00000505  __aeabi_memcpy4               
00000505  __aeabi_memcpy8               
ffffffff  __binit__                     
ffffffff  __c_args__                    
000004c7  __delay_ms                    
UNDEFED   __mpu_init                    
2000fe00  __stack                       
20000000  __start___llvm_prf_cnts       
20000000  __stop___llvm_prf_cnts        
0000064d  _c_int00_noargs               
UNDEFED   _system_post_cinit            
0000069d  _system_pre_init              
000006a1  abort                         
ffffffff  binit                         
0000047f  init_SPI                      
00000000  interruptVectors              
00000419  main                          
00000505  memcpy                        
00000463  send_data_spi                 
000004a7  set_DCO_24MHZ                 


GLOBAL SYMBOLS: SORTED BY Symbol Address 

address   name                          
-------   ----                          
00000000  __TI_static_base__            
00000000  interruptVectors              
000000e5  SystemCoreClockUpdate         
00000200  __STACK_SIZE                  
0000035d  SystemInit                    
00000419  main                          
00000463  send_data_spi                 
0000047f  init_SPI                      
000004a7  set_DCO_24MHZ                 
000004c7  __delay_ms                    
00000505  __aeabi_memcpy                
00000505  __aeabi_memcpy4               
00000505  __aeabi_memcpy8               
00000505  memcpy                        
000005a1  __TI_decompress_lzss          
00000609  __TI_auto_init_nobinit_nopinit
0000064d  _c_int00_noargs               
00000681  __TI_decompress_none          
0000068f  Reset_Handler                 
0000069b  ADC14_IRQHandler              
0000069b  AES256_IRQHandler             
0000069b  BusFault_Handler              
0000069b  COMP_E0_IRQHandler            
0000069b  COMP_E1_IRQHandler            
0000069b  CS_IRQHandler                 
0000069b  DMA_ERR_IRQHandler            
0000069b  DMA_INT0_IRQHandler           
0000069b  DMA_INT1_IRQHandler           
0000069b  DMA_INT2_IRQHandler           
0000069b  DMA_INT3_IRQHandler           
0000069b  DebugMon_Handler              
0000069b  Default_Handler               
0000069b  EUSCIA0_IRQHandler            
0000069b  EUSCIA1_IRQHandler            
0000069b  EUSCIA2_IRQHandler            
0000069b  EUSCIA3_IRQHandler            
0000069b  EUSCIB0_IRQHandler            
0000069b  EUSCIB1_IRQHandler            
0000069b  EUSCIB2_IRQHandler            
0000069b  EUSCIB3_IRQHandler            
0000069b  FLCTL_IRQHandler              
0000069b  FPU_IRQHandler                
0000069b  HardFault_Handler             
0000069b  MemManage_Handler             
0000069b  NMI_Handler                   
0000069b  PCM_IRQHandler                
0000069b  PORT1_IRQHandler              
0000069b  PORT2_IRQHandler              
0000069b  PORT3_IRQHandler              
0000069b  PORT4_IRQHandler              
0000069b  PORT5_IRQHandler              
0000069b  PORT6_IRQHandler              
0000069b  PSS_IRQHandler                
0000069b  PendSV_Handler                
0000069b  RTC_C_IRQHandler              
0000069b  SVC_Handler                   
0000069b  SysTick_Handler               
0000069b  T32_INT1_IRQHandler           
0000069b  T32_INT2_IRQHandler           
0000069b  T32_INTC_IRQHandler           
0000069b  TA0_0_IRQHandler              
0000069b  TA0_N_IRQHandler              
0000069b  TA1_0_IRQHandler              
0000069b  TA1_N_IRQHandler              
0000069b  TA2_0_IRQHandler              
0000069b  TA2_N_IRQHandler              
0000069b  TA3_0_IRQHandler              
0000069b  TA3_N_IRQHandler              
0000069b  UsageFault_Handler            
0000069b  WDT_A_IRQHandler              
0000069d  _system_pre_init              
000006a1  C$$EXIT                       
000006a1  abort                         
000006b8  __TI_Handler_Table_Base       
000006c0  __TI_CINIT_Base               
000006c0  __TI_Handler_Table_Limit      
000006c8  __TI_CINIT_Limit              
20000000  SystemCoreClock               
20000000  __start___llvm_prf_cnts       
20000000  __stop___llvm_prf_cnts        
2000fe00  __stack                       
20010000  __STACK_END                   
4000480c  WDTCTL_SYM                    
ffffffff  __TI_pprof_out_hndl           
ffffffff  __TI_prof_data_size           
ffffffff  __TI_prof_data_start          
ffffffff  __binit__                     
ffffffff  __c_args__                    
ffffffff  binit                         
UNDEFED   __mpu_init                    
UNDEFED   _system_post_cinit            

[91 symbols]
