******************************************************************************
                  TI ARM Linker PC v20.2.1                     
******************************************************************************
>> Linked Fri Jun  5 21:11:14 2020

OUTPUT FILE NAME:   <A9 - ADC.out>
ENTRY POINT SYMBOL: "_c_int00_noargs"  address: 000025a1


MEMORY CONFIGURATION

         name            origin    length      used     unused   attr    fill
----------------------  --------  ---------  --------  --------  ----  --------
  MAIN                  00000000   00040000  00002835  0003d7cb  R  X
  INFO                  00200000   00004000  00000000  00004000  R  X
  SRAM_CODE             01000000   00010000  0000020b  0000fdf5  RW X
  SRAM_DATA             20000000   00010000  0000020b  0000fdf5  RW  


SEGMENT ALLOCATION MAP

run origin  load origin   length   init length attrs members
----------  ----------- ---------- ----------- ----- -------
00000000    00000000    00002838   00002838    r-x
  00000000    00000000    000000e4   000000e4    r-- .intvecs
  000000e4    000000e4    00002620   00002620    r-x .text
  00002704    00002704    00000101   00000101    r-- .const
  00002808    00002808    00000030   00000030    r-- .cinit
20000000    20000000    0000000c   00000000    rw-
  20000000    20000000    00000009   00000000    rw- .data
  2000000a    2000000a    00000002   00000000    rw- .bss
2000fe00    2000fe00    00000200   00000000    rw-
  2000fe00    2000fe00    00000200   00000000    rw- .stack


SECTION ALLOCATION MAP

 output                                  attributes/
section   page    origin      length       input sections
--------  ----  ----------  ----------   ----------------
.intvecs   0    00000000    000000e4     
                  00000000    000000e4     startup_msp432p401r_ccs.obj (.intvecs:retain)

.text      0    000000e4    00002620     
                  000000e4    00000a4e     rtsv7M4_T_le_v4SPD16_eabi.lib : _printfi.c.obj (.text:__TI_printfi)
                  00000b32    00000002                                   : div0.asm.obj (.text)
                  00000b34    00000334     system_msp432p401r.obj (.text)
                  00000e68    00000270     rtsv7M4_T_le_v4SPD16_eabi.lib : _printfi.c.obj (.text:_pconv_a)
                  000010d8    000001d0                                   : _printfi.c.obj (.text:_pconv_g)
                  000012a8    000001b6                                   : fd_add_t2.asm.obj (.text)
                  0000145e    00000002     --HOLE-- [fill = 0]
                  00001460    00000180     My_ADC.obj (.text)
                  000015e0    0000013c     rtsv7M4_T_le_v4SPD16_eabi.lib : _printfi.c.obj (.text:_pconv_e)
                  0000171c    00000136                                   : fd_div_t2.asm.obj (.text)
                  00001852    00000002     --HOLE-- [fill = 0]
                  00001854    00000124                                   : _printfi.c.obj (.text:fcvt)
                  00001978    00000110                                   : s_scalbn.c.obj (.text:scalbn)
                  00001a88    000000fc                                   : fd_mul_t2.asm.obj (.text)
                  00001b84    000000ec     main.obj (.text)
                  00001c70    000000c4     My_DCO.obj (.text)
                  00001d34    000000b8     My_UART.obj (.text)
                  00001dec    000000b1     rtsv7M4_T_le_v4SPD16_eabi.lib : _printfi.c.obj (.text:_ltostr)
                  00001e9d    00000001     --HOLE-- [fill = 0]
                  00001e9e    000000ae     My_Delays.obj (.text)
                  00001f4c    0000009c     rtsv7M4_T_le_v4SPD16_eabi.lib : memcpy_t2.asm.obj (.text)
                  00001fe8    00000096                                   : ull_div_t2.asm.obj (.text)
                  0000207e    00000086                                   : fd_cmp_t2.asm.obj (.text:__aeabi_cdcmple)
                  00002104    00000086                                   : fd_cmp_t2.asm.obj (.text:__aeabi_cdrcmple)
                  0000218a    0000007a                                   : memset_t2.asm.obj (.text)
                  00002204    0000006e                                   : _printfi.c.obj (.text:_mcpy)
                  00002272    00000068                                   : copy_decompress_lzss.c.obj (.text:decompress:lzss:__TI_decompress_lzss)
                  000022da    00000002     --HOLE-- [fill = 0]
                  000022dc    00000064                                   : s_frexp.c.obj (.text:frexp)
                  00002340    00000056                                   : _printfi.c.obj (.text:_pconv_f)
                  00002396    00000054                                   : _ltoa.c.obj (.text:__TI_ltoa)
                  000023ea    00000052                                   : _printfi.c.obj (.text:_ecpy)
                  0000243c    0000004c                                   : atoi.c.obj (.text:atoi)
                  00002488    0000004c                                   : snprintf.c.obj (.text:snprintf)
                  000024d4    00000048                                   : fd_toi_t2.asm.obj (.text)
                  0000251c    00000044                                   : autoinit.c.obj (.text:__TI_auto_init_nobinit_nopinit:__TI_auto_init_nobinit_nopinit)
                  00002560    0000003e                                   : _printfi.c.obj (.text:_fcpy)
                  0000259e    00000002     --HOLE-- [fill = 0]
                  000025a0    00000034                                   : boot_cortex_m.c.obj (.text:_c_int00_noargs:_c_int00_noargs)
                  000025d4    00000030                                   : snprintf.c.obj (.text:_outs)
                  00002604    0000002e                                   : i_tofd_t2.asm.obj (.text)
                  00002632    0000001c                                   : copy_zero_init.c.obj (.text:decompress:ZI:__TI_zero_init_nomemset:__TI_zero_init_nomemset)
                  0000264e    0000001c                                   : memccpy.c.obj (.text:memccpy)
                  0000266a    0000001a                                   : s_copysign.c.obj (.text:copysign)
                  00002684    00000018                                   : snprintf.c.obj (.text:_outc)
                  0000269c    00000016                                   : strchr.c.obj (.text:strchr)
                  000026b2    00000014                                   : strlen.c.obj (.text:strlen)
                  000026c6    00000012                                   : wcslen.c.obj (.text:wcslen)
                  000026d8    0000000e                                   : copy_decompress_none.c.obj (.text:decompress:none:__TI_decompress_none)
                  000026e6    0000000e     startup_msp432p401r_ccs.obj (.text)
                  000026f4    00000008     rtsv7M4_T_le_v4SPD16_eabi.lib : errno.c.obj (.text:__aeabi_errno_addr)
                  000026fc    00000004                                   : pre_init.c.obj (.text:_system_pre_init)
                  00002700    00000004                                   : exit.c.obj (.text:abort:abort)

.const     0    00002704    00000101     
                  00002704    00000101     rtsv7M4_T_le_v4SPD16_eabi.lib : ctype.c.obj (.const:.string:_ctypes_)

.cinit     0    00002808    00000030     
                  00002808    0000000c     (.cinit..data.load) [load image, compression = lzss]
                  00002814    0000000c     (__TI_handler_table)
                  00002820    00000008     (.cinit..bss.load) [load image, compression = zero_init]
                  00002828    00000010     (__TI_cinit_table)

.init_array 
*          0    00000000    00000000     UNINITIALIZED

.binit     0    00000000    00000000     

.data      0    20000000    00000009     UNINITIALIZED
                  20000000    00000004     rtsv7M4_T_le_v4SPD16_eabi.lib : errno.c.obj (.data)
                  20000004    00000004     system_msp432p401r.obj (.data)
                  20000008    00000001     main.obj (.data)

.bss       0    2000000a    00000002     UNINITIALIZED
                  2000000a    00000002     (.common:digitalVal)

.stack     0    2000fe00    00000200     UNINITIALIZED
                  2000fe00    00000004     rtsv7M4_T_le_v4SPD16_eabi.lib : boot_cortex_m.c.obj (.stack)
                  2000fe04    000001fc     --HOLE--

__llvm_prf_cnts 
*          0    20000000    00000000     UNINITIALIZED

MODULE SUMMARY

       Module                        code   ro data   rw data
       ------                        ----   -------   -------
    .\
       system_msp432p401r.obj        820    0         8      
       My_ADC.obj                    384    0         4      
       startup_msp432p401r_ccs.obj   14     228       0      
       main.obj                      236    0         2      
       My_DCO.obj                    196    0         0      
       My_UART.obj                   184    0         0      
       My_Delays.obj                 174    0         0      
    +--+-----------------------------+------+---------+---------+
       Total:                        2008   228       14     
                                                             
    C:\ti\ccs1000\ccs\tools\compiler\ti-cgt-arm_20.2.1.LTS\lib\rtsv7M4_T_le_v4SPD16_eabi.lib
       _printfi.c.obj                4851   0         0      
       fd_add_t2.asm.obj             438    0         0      
       fd_div_t2.asm.obj             310    0         0      
       s_scalbn.c.obj                272    0         0      
       fd_cmp_t2.asm.obj             268    0         0      
       ctype.c.obj                   0      257       0      
       fd_mul_t2.asm.obj             252    0         0      
       memcpy_t2.asm.obj             156    0         0      
       ull_div_t2.asm.obj            150    0         0      
       snprintf.c.obj                148    0         0      
       memset_t2.asm.obj             122    0         0      
       copy_decompress_lzss.c.obj    104    0         0      
       s_frexp.c.obj                 100    0         0      
       _ltoa.c.obj                   84     0         0      
       atoi.c.obj                    76     0         0      
       fd_toi_t2.asm.obj             72     0         0      
       autoinit.c.obj                68     0         0      
       boot_cortex_m.c.obj           52     0         0      
       i_tofd_t2.asm.obj             46     0         0      
       copy_zero_init.c.obj          28     0         0      
       memccpy.c.obj                 28     0         0      
       s_copysign.c.obj              26     0         0      
       strchr.c.obj                  22     0         0      
       strlen.c.obj                  20     0         0      
       wcslen.c.obj                  18     0         0      
       errno.c.obj                   8      0         8      
       copy_decompress_none.c.obj    14     0         0      
       exit.c.obj                    4      0         0      
       pre_init.c.obj                4      0         0      
       div0.asm.obj                  2      0         0      
    +--+-----------------------------+------+---------+---------+
       Total:                        7743   257       8      
                                                             
       Stack:                        0      0         1024   
       Linker Generated:             0      48        0      
    +--+-----------------------------+------+---------+---------+
       Grand Total:                  9751   533       1046   


LINKER GENERATED COPY TABLES

__TI_cinit_table @ 00002828 records: 2, size/record: 8, table size: 16
	.data: load addr=00002808, load size=0000000c bytes, run addr=20000000, run size=00000009 bytes, compression=lzss
	.bss: load addr=00002820, load size=00000008 bytes, run addr=2000000a, run size=00000002 bytes, compression=zero_init


LINKER GENERATED HANDLER TABLE

__TI_handler_table @ 00002814 records: 3, size/record: 4, table size: 12
	index: 0, handler: __TI_decompress_lzss
	index: 1, handler: __TI_decompress_none
	index: 2, handler: __TI_zero_init


GLOBAL SYMBOLS: SORTED ALPHABETICALLY BY Name 

address   name                          
-------   ----                          
000015b3  ADC14_IRQHandler              
000015b3  ADC14_IRQHandler              
000026f3  AES256_IRQHandler             
000026f3  BusFault_Handler              
00002701  C$$EXIT                       
000026f3  COMP_E0_IRQHandler            
000026f3  COMP_E1_IRQHandler            
000026f3  CS_IRQHandler                 
000026f3  DMA_ERR_IRQHandler            
000026f3  DMA_INT0_IRQHandler           
000026f3  DMA_INT1_IRQHandler           
000026f3  DMA_INT2_IRQHandler           
000026f3  DMA_INT3_IRQHandler           
000026f3  DebugMon_Handler              
000026f3  Default_Handler               
000026f3  EUSCIA0_IRQHandler            
000026f3  EUSCIA1_IRQHandler            
000026f3  EUSCIA2_IRQHandler            
000026f3  EUSCIA3_IRQHandler            
000026f3  EUSCIB0_IRQHandler            
000026f3  EUSCIB1_IRQHandler            
000026f3  EUSCIB2_IRQHandler            
000026f3  EUSCIB3_IRQHandler            
000026f3  FLCTL_IRQHandler              
000026f3  FPU_IRQHandler                
000026f3  HardFault_Handler             
000026f3  MemManage_Handler             
000026f3  NMI_Handler                   
000026f3  PCM_IRQHandler                
000026f3  PORT1_IRQHandler              
000026f3  PORT2_IRQHandler              
000026f3  PORT3_IRQHandler              
000026f3  PORT4_IRQHandler              
000026f3  PORT5_IRQHandler              
000026f3  PORT6_IRQHandler              
000026f3  PSS_IRQHandler                
000026f3  PendSV_Handler                
000026f3  RTC_C_IRQHandler              
000026e7  Reset_Handler                 
000026f3  SVC_Handler                   
000026f3  SysTick_Handler               
20000004  SystemCoreClock               
00000b35  SystemCoreClockUpdate         
00000dad  SystemInit                    
000026f3  T32_INT1_IRQHandler           
000026f3  T32_INT2_IRQHandler           
000026f3  T32_INTC_IRQHandler           
000026f3  TA0_0_IRQHandler              
000026f3  TA0_N_IRQHandler              
000026f3  TA1_0_IRQHandler              
000026f3  TA1_N_IRQHandler              
000026f3  TA2_0_IRQHandler              
000026f3  TA2_N_IRQHandler              
000026f3  TA3_0_IRQHandler              
000026f3  TA3_N_IRQHandler              
00001daf  UART_TX                       
00001b85  UART_TX_STRING                
000026f3  UsageFault_Handler            
4000480c  WDTCTL_SYM                    
000026f3  WDT_A_IRQHandler              
20010000  __STACK_END                   
00000200  __STACK_SIZE                  
00002828  __TI_CINIT_Base               
00002838  __TI_CINIT_Limit              
00002814  __TI_Handler_Table_Base       
00002820  __TI_Handler_Table_Limit      
0000251d  __TI_auto_init_nobinit_nopinit
00002273  __TI_decompress_lzss          
000026d9  __TI_decompress_none          
00002397  __TI_ltoa                     
ffffffff  __TI_pprof_out_hndl           
000000e5  __TI_printfi                  
ffffffff  __TI_prof_data_size           
ffffffff  __TI_prof_data_start          
00000000  __TI_static_base__            
00002633  __TI_zero_init_nomemset       
0000207f  __aeabi_cdcmpeq               
0000207f  __aeabi_cdcmple               
00002105  __aeabi_cdrcmple              
000024d5  __aeabi_d2iz                  
000012b3  __aeabi_dadd                  
0000171d  __aeabi_ddiv                  
00001a89  __aeabi_dmul                  
000012a9  __aeabi_dsub                  
000026f5  __aeabi_errno_addr            
00002605  __aeabi_i2d                   
00000b33  __aeabi_idiv0                 
00000b33  __aeabi_ldiv0                 
0000218b  __aeabi_memclr                
0000218b  __aeabi_memclr4               
0000218b  __aeabi_memclr8               
00001f4d  __aeabi_memcpy                
00001f4d  __aeabi_memcpy4               
00001f4d  __aeabi_memcpy8               
0000218d  __aeabi_memset                
0000218d  __aeabi_memset4               
0000218d  __aeabi_memset8               
00001fe9  __aeabi_uldivmod              
ffffffff  __binit__                     
ffffffff  __c_args__                    
UNDEFED   __mpu_init                    
2000fe00  __stack                       
20000000  __start___llvm_prf_cnts       
20000000  __stop___llvm_prf_cnts        
000025a1  _c_int00_noargs               
00002704  _ctypes_                      
UNDEFED   _system_post_cinit            
000026fd  _system_pre_init              
00002701  abort                         
0000243d  atoi                          
ffffffff  binit                         
0000266b  copysign                      
0000266b  copysignl                     
00001e9f  delay_us                      
2000000a  digitalVal                    
20000000  errno                         
20000008  flag                          
000022dd  frexp                         
000022dd  frexpl                        
00001d13  get_DCO_Frequency             
00001d35  init_UART                     
00000000  interruptVectors              
00001979  ldexp                         
00001979  ldexpl                        
00001bcb  main                          
0000264f  memccpy                       
00001f4d  memcpy                        
00002193  memset                        
00001979  scalbn                        
00001979  scalbnl                       
000014f7  select_clk_source             
00001461  select_sample_time_cycles     
00001567  setup_ADC14                   
00001c71  setup_DCO                     
00001cdd  setup_MCLK_to_DCO             
00001cf3  setup_SMCLK_to_DCO            
00002489  snprintf                      
0000269d  strchr                        
000026b3  strlen                        
000026c7  wcslen                        


GLOBAL SYMBOLS: SORTED BY Symbol Address 

address   name                          
-------   ----                          
00000000  __TI_static_base__            
00000000  interruptVectors              
000000e5  __TI_printfi                  
00000200  __STACK_SIZE                  
00000b33  __aeabi_idiv0                 
00000b33  __aeabi_ldiv0                 
00000b35  SystemCoreClockUpdate         
00000dad  SystemInit                    
000012a9  __aeabi_dsub                  
000012b3  __aeabi_dadd                  
00001461  select_sample_time_cycles     
000014f7  select_clk_source             
00001567  setup_ADC14                   
000015b3  ADC14_IRQHandler              
000015b3  ADC14_IRQHandler              
0000171d  __aeabi_ddiv                  
00001979  ldexp                         
00001979  ldexpl                        
00001979  scalbn                        
00001979  scalbnl                       
00001a89  __aeabi_dmul                  
00001b85  UART_TX_STRING                
00001bcb  main                          
00001c71  setup_DCO                     
00001cdd  setup_MCLK_to_DCO             
00001cf3  setup_SMCLK_to_DCO            
00001d13  get_DCO_Frequency             
00001d35  init_UART                     
00001daf  UART_TX                       
00001e9f  delay_us                      
00001f4d  __aeabi_memcpy                
00001f4d  __aeabi_memcpy4               
00001f4d  __aeabi_memcpy8               
00001f4d  memcpy                        
00001fe9  __aeabi_uldivmod              
0000207f  __aeabi_cdcmpeq               
0000207f  __aeabi_cdcmple               
00002105  __aeabi_cdrcmple              
0000218b  __aeabi_memclr                
0000218b  __aeabi_memclr4               
0000218b  __aeabi_memclr8               
0000218d  __aeabi_memset                
0000218d  __aeabi_memset4               
0000218d  __aeabi_memset8               
00002193  memset                        
00002273  __TI_decompress_lzss          
000022dd  frexp                         
000022dd  frexpl                        
00002397  __TI_ltoa                     
0000243d  atoi                          
00002489  snprintf                      
000024d5  __aeabi_d2iz                  
0000251d  __TI_auto_init_nobinit_nopinit
000025a1  _c_int00_noargs               
00002605  __aeabi_i2d                   
00002633  __TI_zero_init_nomemset       
0000264f  memccpy                       
0000266b  copysign                      
0000266b  copysignl                     
0000269d  strchr                        
000026b3  strlen                        
000026c7  wcslen                        
000026d9  __TI_decompress_none          
000026e7  Reset_Handler                 
000026f3  AES256_IRQHandler             
000026f3  BusFault_Handler              
000026f3  COMP_E0_IRQHandler            
000026f3  COMP_E1_IRQHandler            
000026f3  CS_IRQHandler                 
000026f3  DMA_ERR_IRQHandler            
000026f3  DMA_INT0_IRQHandler           
000026f3  DMA_INT1_IRQHandler           
000026f3  DMA_INT2_IRQHandler           
000026f3  DMA_INT3_IRQHandler           
000026f3  DebugMon_Handler              
000026f3  Default_Handler               
000026f3  EUSCIA0_IRQHandler            
000026f3  EUSCIA1_IRQHandler            
000026f3  EUSCIA2_IRQHandler            
000026f3  EUSCIA3_IRQHandler            
000026f3  EUSCIB0_IRQHandler            
000026f3  EUSCIB1_IRQHandler            
000026f3  EUSCIB2_IRQHandler            
000026f3  EUSCIB3_IRQHandler            
000026f3  FLCTL_IRQHandler              
000026f3  FPU_IRQHandler                
000026f3  HardFault_Handler             
000026f3  MemManage_Handler             
000026f3  NMI_Handler                   
000026f3  PCM_IRQHandler                
000026f3  PORT1_IRQHandler              
000026f3  PORT2_IRQHandler              
000026f3  PORT3_IRQHandler              
000026f3  PORT4_IRQHandler              
000026f3  PORT5_IRQHandler              
000026f3  PORT6_IRQHandler              
000026f3  PSS_IRQHandler                
000026f3  PendSV_Handler                
000026f3  RTC_C_IRQHandler              
000026f3  SVC_Handler                   
000026f3  SysTick_Handler               
000026f3  T32_INT1_IRQHandler           
000026f3  T32_INT2_IRQHandler           
000026f3  T32_INTC_IRQHandler           
000026f3  TA0_0_IRQHandler              
000026f3  TA0_N_IRQHandler              
000026f3  TA1_0_IRQHandler              
000026f3  TA1_N_IRQHandler              
000026f3  TA2_0_IRQHandler              
000026f3  TA2_N_IRQHandler              
000026f3  TA3_0_IRQHandler              
000026f3  TA3_N_IRQHandler              
000026f3  UsageFault_Handler            
000026f3  WDT_A_IRQHandler              
000026f5  __aeabi_errno_addr            
000026fd  _system_pre_init              
00002701  C$$EXIT                       
00002701  abort                         
00002704  _ctypes_                      
00002814  __TI_Handler_Table_Base       
00002820  __TI_Handler_Table_Limit      
00002828  __TI_CINIT_Base               
00002838  __TI_CINIT_Limit              
20000000  __start___llvm_prf_cnts       
20000000  __stop___llvm_prf_cnts        
20000000  errno                         
20000004  SystemCoreClock               
20000008  flag                          
2000000a  digitalVal                    
2000fe00  __stack                       
20010000  __STACK_END                   
4000480c  WDTCTL_SYM                    
ffffffff  __TI_pprof_out_hndl           
ffffffff  __TI_prof_data_size           
ffffffff  __TI_prof_data_start          
ffffffff  __binit__                     
ffffffff  __c_args__                    
ffffffff  binit                         
UNDEFED   __mpu_init                    
UNDEFED   _system_post_cinit            

[140 symbols]
