******************************************************************************
                  TI ARM Linker PC v20.2.1                     
******************************************************************************
>> Linked Fri Jun  5 20:22:57 2020

OUTPUT FILE NAME:   <A9 - ADC.out>
ENTRY POINT SYMBOL: "_c_int00_noargs"  address: 000009e9


MEMORY CONFIGURATION

         name            origin    length      used     unused   attr    fill
----------------------  --------  ---------  --------  --------  ----  --------
  MAIN                  00000000   00040000  00000a8c  0003f574  R  X
  INFO                  00200000   00004000  00000000  00004000  R  X
  SRAM_CODE             01000000   00010000  00000209  0000fdf7  RW X
  SRAM_DATA             20000000   00010000  00000209  0000fdf7  RW  


SEGMENT ALLOCATION MAP

run origin  load origin   length   init length attrs members
----------  ----------- ---------- ----------- ----- -------
00000000    00000000    00000a90   00000a90    r-x
  00000000    00000000    000000e4   000000e4    r-- .intvecs
  000000e4    000000e4    00000978   00000978    r-x .text
  00000a60    00000a60    00000030   00000030    r-- .cinit
20000000    20000000    0000000a   00000000    rw-
  20000000    20000000    00000007   00000000    rw- .data
  20000008    20000008    00000002   00000000    rw- .bss
2000fe00    2000fe00    00000200   00000000    rw-
  2000fe00    2000fe00    00000200   00000000    rw- .stack


SECTION ALLOCATION MAP

 output                                  attributes/
section   page    origin      length       input sections
--------  ----  ----------  ----------   ----------------
.intvecs   0    00000000    000000e4     
                  00000000    000000e4     startup_msp432p401r_ccs.obj (.intvecs:retain)

.text      0    000000e4    00000978     
                  000000e4    00000334     system_msp432p401r.obj (.text)
                  00000418    0000017c     My_ADC.obj (.text)
                  00000594    00000100     My_UART.obj (.text)
                  00000694    000000c4     My_DCO.obj (.text)
                  00000758    000000ae     My_Delays.obj (.text)
                  00000806    0000009c     rtsv7M4_T_le_v4SPD16_eabi.lib : memcpy_t2.asm.obj (.text)
                  000008a2    00000002     --HOLE-- [fill = 0]
                  000008a4    00000098     main.obj (.text)
                  0000093c    00000068     rtsv7M4_T_le_v4SPD16_eabi.lib : copy_decompress_lzss.c.obj (.text:decompress:lzss:__TI_decompress_lzss)
                  000009a4    00000044                                   : autoinit.c.obj (.text:__TI_auto_init_nobinit_nopinit:__TI_auto_init_nobinit_nopinit)
                  000009e8    00000034                                   : boot_cortex_m.c.obj (.text:_c_int00_noargs:_c_int00_noargs)
                  00000a1c    0000001c                                   : copy_zero_init.c.obj (.text:decompress:ZI:__TI_zero_init_nomemset:__TI_zero_init_nomemset)
                  00000a38    0000000e                                   : copy_decompress_none.c.obj (.text:decompress:none:__TI_decompress_none)
                  00000a46    0000000e     startup_msp432p401r_ccs.obj (.text)
                  00000a54    00000004     rtsv7M4_T_le_v4SPD16_eabi.lib : pre_init.c.obj (.text:_system_pre_init)
                  00000a58    00000004                                   : exit.c.obj (.text:abort:abort)

.cinit     0    00000a60    00000030     
                  00000a60    0000000c     (__TI_handler_table)
                  00000a6c    0000000a     (.cinit..data.load) [load image, compression = lzss]
                  00000a76    00000002     --HOLE-- [fill = 0]
                  00000a78    00000008     (.cinit..bss.load) [load image, compression = zero_init]
                  00000a80    00000010     (__TI_cinit_table)

.init_array 
*          0    00000000    00000000     UNINITIALIZED

.binit     0    00000000    00000000     

.data      0    20000000    00000007     UNINITIALIZED
                  20000000    00000004     system_msp432p401r.obj (.data)
                  20000004    00000002     My_ADC.obj (.data)
                  20000006    00000001     main.obj (.data)

.bss       0    20000008    00000002     UNINITIALIZED
                  20000008    00000002     (.common:RX_DATA)

.stack     0    2000fe00    00000200     UNINITIALIZED
                  2000fe00    00000004     rtsv7M4_T_le_v4SPD16_eabi.lib : boot_cortex_m.c.obj (.stack)
                  2000fe04    000001fc     --HOLE--

__llvm_prf_cnts 
*          0    20000000    00000000     UNINITIALIZED

MODULE SUMMARY

       Module                        code   ro data   rw data
       ------                        ----   -------   -------
    .\
       system_msp432p401r.obj        820    0         8      
       My_ADC.obj                    380    0         4      
       My_UART.obj                   256    0         4      
       startup_msp432p401r_ccs.obj   14     228       0      
       My_DCO.obj                    196    0         0      
       My_Delays.obj                 174    0         0      
       main.obj                      152    0         2      
    +--+-----------------------------+------+---------+---------+
       Total:                        1992   228       18     
                                                             
    C:\ti\ccs1000\ccs\tools\compiler\ti-cgt-arm_20.2.1.LTS\lib\rtsv7M4_T_le_v4SPD16_eabi.lib
       memcpy_t2.asm.obj             156    0         0      
       copy_decompress_lzss.c.obj    104    0         0      
       autoinit.c.obj                68     0         0      
       boot_cortex_m.c.obj           52     0         0      
       copy_zero_init.c.obj          28     0         0      
       copy_decompress_none.c.obj    14     0         0      
       exit.c.obj                    4      0         0      
       pre_init.c.obj                4      0         0      
    +--+-----------------------------+------+---------+---------+
       Total:                        430    0         0      
                                                             
       Stack:                        0      0         1024   
       Linker Generated:             0      46        0      
    +--+-----------------------------+------+---------+---------+
       Grand Total:                  2422   274       1042   


LINKER GENERATED COPY TABLES

__TI_cinit_table @ 00000a80 records: 2, size/record: 8, table size: 16
	.data: load addr=00000a6c, load size=0000000a bytes, run addr=20000000, run size=00000007 bytes, compression=lzss
	.bss: load addr=00000a78, load size=00000008 bytes, run addr=20000008, run size=00000002 bytes, compression=zero_init


LINKER GENERATED HANDLER TABLE

__TI_handler_table @ 00000a60 records: 3, size/record: 4, table size: 12
	index: 0, handler: __TI_decompress_lzss
	index: 1, handler: __TI_decompress_none
	index: 2, handler: __TI_zero_init


GLOBAL SYMBOLS: SORTED ALPHABETICALLY BY Name 

address   name                          
-------   ----                          
0000056b  ADC14_IRQHandler              
0000056b  ADC14_IRQHandler              
00000a53  AES256_IRQHandler             
00000a53  BusFault_Handler              
00000a59  C$$EXIT                       
00000a53  COMP_E0_IRQHandler            
00000a53  COMP_E1_IRQHandler            
00000a53  CS_IRQHandler                 
00000a53  DMA_ERR_IRQHandler            
00000a53  DMA_INT0_IRQHandler           
00000a53  DMA_INT1_IRQHandler           
00000a53  DMA_INT2_IRQHandler           
00000a53  DMA_INT3_IRQHandler           
00000a53  DebugMon_Handler              
00000a53  Default_Handler               
0000064d  EUSCIA0_IRQHandler            
0000064d  EUSCIA0_IRQHandler            
00000a53  EUSCIA1_IRQHandler            
00000a53  EUSCIA2_IRQHandler            
00000a53  EUSCIA3_IRQHandler            
00000a53  EUSCIB0_IRQHandler            
00000a53  EUSCIB1_IRQHandler            
00000a53  EUSCIB2_IRQHandler            
00000a53  EUSCIB3_IRQHandler            
00000a53  FLCTL_IRQHandler              
00000a53  FPU_IRQHandler                
00000a53  HardFault_Handler             
00000a53  MemManage_Handler             
00000a53  NMI_Handler                   
00000a53  PCM_IRQHandler                
00000a53  PORT1_IRQHandler              
00000a53  PORT2_IRQHandler              
00000a53  PORT3_IRQHandler              
00000a53  PORT4_IRQHandler              
00000a53  PORT5_IRQHandler              
00000a53  PORT6_IRQHandler              
00000a53  PSS_IRQHandler                
00000a53  PendSV_Handler                
00000a53  RTC_C_IRQHandler              
20000008  RX_DATA                       
00000a47  Reset_Handler                 
00000a53  SVC_Handler                   
00000a53  SysTick_Handler               
20000000  SystemCoreClock               
000000e5  SystemCoreClockUpdate         
0000035d  SystemInit                    
00000a53  T32_INT1_IRQHandler           
00000a53  T32_INT2_IRQHandler           
00000a53  T32_INTC_IRQHandler           
00000a53  TA0_0_IRQHandler              
00000a53  TA0_N_IRQHandler              
00000a53  TA1_0_IRQHandler              
00000a53  TA1_N_IRQHandler              
00000a53  TA2_0_IRQHandler              
00000a53  TA2_N_IRQHandler              
00000a53  TA3_0_IRQHandler              
00000a53  TA3_N_IRQHandler              
0000062d  UART_TX                       
00000a53  UsageFault_Handler            
4000480c  WDTCTL_SYM                    
00000a53  WDT_A_IRQHandler              
20010000  __STACK_END                   
00000200  __STACK_SIZE                  
00000a80  __TI_CINIT_Base               
00000a90  __TI_CINIT_Limit              
00000a60  __TI_Handler_Table_Base       
00000a6c  __TI_Handler_Table_Limit      
000009a5  __TI_auto_init_nobinit_nopinit
0000093d  __TI_decompress_lzss          
00000a39  __TI_decompress_none          
ffffffff  __TI_pprof_out_hndl           
ffffffff  __TI_prof_data_size           
ffffffff  __TI_prof_data_start          
00000000  __TI_static_base__            
00000a1d  __TI_zero_init_nomemset       
00000807  __aeabi_memcpy                
00000807  __aeabi_memcpy4               
00000807  __aeabi_memcpy8               
ffffffff  __binit__                     
ffffffff  __c_args__                    
UNDEFED   __mpu_init                    
2000fe00  __stack                       
20000000  __start___llvm_prf_cnts       
20000000  __stop___llvm_prf_cnts        
000009e9  _c_int00_noargs               
UNDEFED   _system_post_cinit            
00000a55  _system_pre_init              
00000a59  abort                         
ffffffff  binit                         
00000759  delay_us                      
20000006  flag                          
00000737  get_DCO_Frequency             
00000595  init_UART                     
00000000  interruptVectors              
000008a5  main                          
00000807  memcpy                        
000004af  select_clk_source             
00000419  select_sample_time_cycles     
0000051f  setup_ADC14                   
00000695  setup_DCO                     
00000701  setup_MCLK_to_DCO             
00000717  setup_SMCLK_to_DCO            


GLOBAL SYMBOLS: SORTED BY Symbol Address 

address   name                          
-------   ----                          
00000000  __TI_static_base__            
00000000  interruptVectors              
000000e5  SystemCoreClockUpdate         
00000200  __STACK_SIZE                  
0000035d  SystemInit                    
00000419  select_sample_time_cycles     
000004af  select_clk_source             
0000051f  setup_ADC14                   
0000056b  ADC14_IRQHandler              
0000056b  ADC14_IRQHandler              
00000595  init_UART                     
0000062d  UART_TX                       
0000064d  EUSCIA0_IRQHandler            
0000064d  EUSCIA0_IRQHandler            
00000695  setup_DCO                     
00000701  setup_MCLK_to_DCO             
00000717  setup_SMCLK_to_DCO            
00000737  get_DCO_Frequency             
00000759  delay_us                      
00000807  __aeabi_memcpy                
00000807  __aeabi_memcpy4               
00000807  __aeabi_memcpy8               
00000807  memcpy                        
000008a5  main                          
0000093d  __TI_decompress_lzss          
000009a5  __TI_auto_init_nobinit_nopinit
000009e9  _c_int00_noargs               
00000a1d  __TI_zero_init_nomemset       
00000a39  __TI_decompress_none          
00000a47  Reset_Handler                 
00000a53  AES256_IRQHandler             
00000a53  BusFault_Handler              
00000a53  COMP_E0_IRQHandler            
00000a53  COMP_E1_IRQHandler            
00000a53  CS_IRQHandler                 
00000a53  DMA_ERR_IRQHandler            
00000a53  DMA_INT0_IRQHandler           
00000a53  DMA_INT1_IRQHandler           
00000a53  DMA_INT2_IRQHandler           
00000a53  DMA_INT3_IRQHandler           
00000a53  DebugMon_Handler              
00000a53  Default_Handler               
00000a53  EUSCIA1_IRQHandler            
00000a53  EUSCIA2_IRQHandler            
00000a53  EUSCIA3_IRQHandler            
00000a53  EUSCIB0_IRQHandler            
00000a53  EUSCIB1_IRQHandler            
00000a53  EUSCIB2_IRQHandler            
00000a53  EUSCIB3_IRQHandler            
00000a53  FLCTL_IRQHandler              
00000a53  FPU_IRQHandler                
00000a53  HardFault_Handler             
00000a53  MemManage_Handler             
00000a53  NMI_Handler                   
00000a53  PCM_IRQHandler                
00000a53  PORT1_IRQHandler              
00000a53  PORT2_IRQHandler              
00000a53  PORT3_IRQHandler              
00000a53  PORT4_IRQHandler              
00000a53  PORT5_IRQHandler              
00000a53  PORT6_IRQHandler              
00000a53  PSS_IRQHandler                
00000a53  PendSV_Handler                
00000a53  RTC_C_IRQHandler              
00000a53  SVC_Handler                   
00000a53  SysTick_Handler               
00000a53  T32_INT1_IRQHandler           
00000a53  T32_INT2_IRQHandler           
00000a53  T32_INTC_IRQHandler           
00000a53  TA0_0_IRQHandler              
00000a53  TA0_N_IRQHandler              
00000a53  TA1_0_IRQHandler              
00000a53  TA1_N_IRQHandler              
00000a53  TA2_0_IRQHandler              
00000a53  TA2_N_IRQHandler              
00000a53  TA3_0_IRQHandler              
00000a53  TA3_N_IRQHandler              
00000a53  UsageFault_Handler            
00000a53  WDT_A_IRQHandler              
00000a55  _system_pre_init              
00000a59  C$$EXIT                       
00000a59  abort                         
00000a60  __TI_Handler_Table_Base       
00000a6c  __TI_Handler_Table_Limit      
00000a80  __TI_CINIT_Base               
00000a90  __TI_CINIT_Limit              
20000000  SystemCoreClock               
20000000  __start___llvm_prf_cnts       
20000000  __stop___llvm_prf_cnts        
20000006  flag                          
20000008  RX_DATA                       
2000fe00  __stack                       
20010000  __STACK_END                   
4000480c  WDTCTL_SYM                    
ffffffff  __TI_pprof_out_hndl           
ffffffff  __TI_prof_data_size           
ffffffff  __TI_prof_data_start          
ffffffff  __binit__                     
ffffffff  __c_args__                    
ffffffff  binit                         
UNDEFED   __mpu_init                    
UNDEFED   _system_post_cinit            

[102 symbols]
