******************************************************************************
                  TI ARM Linker PC v20.2.1                     
******************************************************************************
>> Linked Thu Jun 11 19:35:57 2020

OUTPUT FILE NAME:   <A9 - ADC.out>
ENTRY POINT SYMBOL: "_c_int00_noargs"  address: 000025b1


MEMORY CONFIGURATION

         name            origin    length      used     unused   attr    fill
----------------------  --------  ---------  --------  --------  ----  --------
  MAIN                  00000000   00040000  00002821  0003d7df  R  X
  INFO                  00200000   00004000  00000000  00004000  R  X
  SRAM_CODE             01000000   00010000  0000020b  0000fdf5  RW X
  SRAM_DATA             20000000   00010000  0000020b  0000fdf5  RW  


SEGMENT ALLOCATION MAP

run origin  load origin   length   init length attrs members
----------  ----------- ---------- ----------- ----- -------
00000000    00000000    00002828   00002828    r-x
  00000000    00000000    000000e4   000000e4    r-- .intvecs
  000000e4    000000e4    0000260c   0000260c    r-x .text
  000026f0    000026f0    00000101   00000101    r-- .const
  000027f8    000027f8    00000030   00000030    r-- .cinit
20000000    20000000    0000000c   00000000    rw-
  20000000    20000000    00000009   00000000    rw- .data
  2000000a    2000000a    00000002   00000000    rw- .bss
2000fe00    2000fe00    00000200   00000000    rw-
  2000fe00    2000fe00    00000200   00000000    rw- .stack


SECTION ALLOCATION MAP

 output                                  attributes/
section   page    origin      length       input sections
--------  ----  ----------  ----------   ----------------
.intvecs   0    00000000    000000e4     
                  00000000    000000e4     startup_msp432p401r_ccs.obj (.intvecs:retain)

.text      0    000000e4    0000260c     
                  000000e4    00000a4e     rtsv7M4_T_le_v4SPD16_eabi.lib : _printfi.c.obj (.text:__TI_printfi)
                  00000b32    00000002                                   : div0.asm.obj (.text)
                  00000b34    00000334     system_msp432p401r.obj (.text)
                  00000e68    00000270     rtsv7M4_T_le_v4SPD16_eabi.lib : _printfi.c.obj (.text:_pconv_a)
                  000010d8    000001d0                                   : _printfi.c.obj (.text:_pconv_g)
                  000012a8    000001b6                                   : fd_add_t2.asm.obj (.text)
                  0000145e    00000002     --HOLE-- [fill = 0]
                  00001460    000001a0     My_ADC.obj (.text)
                  00001600    0000013c     rtsv7M4_T_le_v4SPD16_eabi.lib : _printfi.c.obj (.text:_pconv_e)
                  0000173c    00000136                                   : fd_div_t2.asm.obj (.text)
                  00001872    00000002     --HOLE-- [fill = 0]
                  00001874    00000124                                   : _printfi.c.obj (.text:fcvt)
                  00001998    00000110                                   : s_scalbn.c.obj (.text:scalbn)
                  00001aa8    000000fc     My_UART.obj (.text)
                  00001ba4    000000fc     rtsv7M4_T_le_v4SPD16_eabi.lib : fd_mul_t2.asm.obj (.text)
                  00001ca0    000000c4     My_DCO.obj (.text)
                  00001d64    000000b1     rtsv7M4_T_le_v4SPD16_eabi.lib : _printfi.c.obj (.text:_ltostr)
                  00001e15    00000001     --HOLE-- [fill = 0]
                  00001e16    000000ae     My_Delays.obj (.text)
                  00001ec4    000000a4     main.obj (.text)
                  00001f68    0000009c     rtsv7M4_T_le_v4SPD16_eabi.lib : memcpy_t2.asm.obj (.text)
                  00002004    00000096                                   : ull_div_t2.asm.obj (.text)
                  0000209a    00000086                                   : fd_cmp_t2.asm.obj (.text:__aeabi_cdcmple)
                  00002120    00000086                                   : fd_cmp_t2.asm.obj (.text:__aeabi_cdrcmple)
                  000021a6    0000007a                                   : memset_t2.asm.obj (.text)
                  00002220    0000006e                                   : _printfi.c.obj (.text:_mcpy)
                  0000228e    00000068                                   : copy_decompress_lzss.c.obj (.text:decompress:lzss:__TI_decompress_lzss)
                  000022f6    00000002     --HOLE-- [fill = 0]
                  000022f8    00000064                                   : s_frexp.c.obj (.text:frexp)
                  0000235c    00000056                                   : _printfi.c.obj (.text:_pconv_f)
                  000023b2    00000054                                   : _ltoa.c.obj (.text:__TI_ltoa)
                  00002406    00000052                                   : _printfi.c.obj (.text:_ecpy)
                  00002458    0000004c                                   : atoi.c.obj (.text:atoi)
                  000024a4    00000048                                   : fd_toi_t2.asm.obj (.text)
                  000024ec    00000044                                   : autoinit.c.obj (.text:__TI_auto_init_nobinit_nopinit:__TI_auto_init_nobinit_nopinit)
                  00002530    00000040                                   : sprintf.c.obj (.text:sprintf)
                  00002570    0000003e                                   : _printfi.c.obj (.text:_fcpy)
                  000025ae    00000002     --HOLE-- [fill = 0]
                  000025b0    00000034                                   : boot_cortex_m.c.obj (.text:_c_int00_noargs:_c_int00_noargs)
                  000025e4    0000002e                                   : i_tofd_t2.asm.obj (.text)
                  00002612    0000001c                                   : copy_zero_init.c.obj (.text:decompress:ZI:__TI_zero_init_nomemset:__TI_zero_init_nomemset)
                  0000262e    0000001c                                   : memccpy.c.obj (.text:memccpy)
                  0000264a    0000001a                                   : s_copysign.c.obj (.text:copysign)
                  00002664    00000018                                   : sprintf.c.obj (.text:_outs)
                  0000267c    00000016                                   : strchr.c.obj (.text:strchr)
                  00002692    00000014                                   : strlen.c.obj (.text:strlen)
                  000026a6    00000012                                   : wcslen.c.obj (.text:wcslen)
                  000026b8    0000000e                                   : copy_decompress_none.c.obj (.text:decompress:none:__TI_decompress_none)
                  000026c6    0000000e     startup_msp432p401r_ccs.obj (.text)
                  000026d4    0000000a     rtsv7M4_T_le_v4SPD16_eabi.lib : sprintf.c.obj (.text:_outc)
                  000026de    00000002     --HOLE-- [fill = 0]
                  000026e0    00000008                                   : errno.c.obj (.text:__aeabi_errno_addr)
                  000026e8    00000004                                   : pre_init.c.obj (.text:_system_pre_init)
                  000026ec    00000004                                   : exit.c.obj (.text:abort:abort)

.const     0    000026f0    00000101     
                  000026f0    00000101     rtsv7M4_T_le_v4SPD16_eabi.lib : ctype.c.obj (.const:.string:_ctypes_)

.cinit     0    000027f8    00000030     
                  000027f8    0000000c     (.cinit..data.load) [load image, compression = lzss]
                  00002804    0000000c     (__TI_handler_table)
                  00002810    00000008     (.cinit..bss.load) [load image, compression = zero_init]
                  00002818    00000010     (__TI_cinit_table)

.init_array 
*          0    00000000    00000000     UNINITIALIZED

.binit     0    00000000    00000000     

.data      0    20000000    00000009     UNINITIALIZED
                  20000000    00000004     rtsv7M4_T_le_v4SPD16_eabi.lib : errno.c.obj (.data)
                  20000004    00000004     system_msp432p401r.obj (.data)
                  20000008    00000001     main.obj (.data)

.bss       0    2000000a    00000002     UNINITIALIZED
                  2000000a    00000002     (.common:digitalVal)

.stack     0    2000fe00    00000200     UNINITIALIZED
                  2000fe00    00000004     rtsv7M4_T_le_v4SPD16_eabi.lib : boot_cortex_m.c.obj (.stack)
                  2000fe04    000001fc     --HOLE--

__llvm_prf_cnts 
*          0    20000000    00000000     UNINITIALIZED

MODULE SUMMARY

       Module                        code   ro data   rw data
       ------                        ----   -------   -------
    .\
       system_msp432p401r.obj        820    0         8      
       My_ADC.obj                    416    0         4      
       My_UART.obj                   252    0         0      
       startup_msp432p401r_ccs.obj   14     228       0      
       My_DCO.obj                    196    0         0      
       My_Delays.obj                 174    0         0      
       main.obj                      164    0         2      
    +--+-----------------------------+------+---------+---------+
       Total:                        2036   228       14     
                                                             
    C:\ti\ccs1000\ccs\tools\compiler\ti-cgt-arm_20.2.1.LTS\lib\rtsv7M4_T_le_v4SPD16_eabi.lib
       _printfi.c.obj                4851   0         0      
       fd_add_t2.asm.obj             438    0         0      
       fd_div_t2.asm.obj             310    0         0      
       s_scalbn.c.obj                272    0         0      
       fd_cmp_t2.asm.obj             268    0         0      
       ctype.c.obj                   0      257       0      
       fd_mul_t2.asm.obj             252    0         0      
       memcpy_t2.asm.obj             156    0         0      
       ull_div_t2.asm.obj            150    0         0      
       memset_t2.asm.obj             122    0         0      
       copy_decompress_lzss.c.obj    104    0         0      
       s_frexp.c.obj                 100    0         0      
       sprintf.c.obj                 98     0         0      
       _ltoa.c.obj                   84     0         0      
       atoi.c.obj                    76     0         0      
       fd_toi_t2.asm.obj             72     0         0      
       autoinit.c.obj                68     0         0      
       boot_cortex_m.c.obj           52     0         0      
       i_tofd_t2.asm.obj             46     0         0      
       copy_zero_init.c.obj          28     0         0      
       memccpy.c.obj                 28     0         0      
       s_copysign.c.obj              26     0         0      
       strchr.c.obj                  22     0         0      
       strlen.c.obj                  20     0         0      
       wcslen.c.obj                  18     0         0      
       errno.c.obj                   8      0         8      
       copy_decompress_none.c.obj    14     0         0      
       exit.c.obj                    4      0         0      
       pre_init.c.obj                4      0         0      
       div0.asm.obj                  2      0         0      
    +--+-----------------------------+------+---------+---------+
       Total:                        7693   257       8      
                                                             
       Stack:                        0      0         1024   
       Linker Generated:             0      48        0      
    +--+-----------------------------+------+---------+---------+
       Grand Total:                  9729   533       1046   


LINKER GENERATED COPY TABLES

__TI_cinit_table @ 00002818 records: 2, size/record: 8, table size: 16
	.data: load addr=000027f8, load size=0000000c bytes, run addr=20000000, run size=00000009 bytes, compression=lzss
	.bss: load addr=00002810, load size=00000008 bytes, run addr=2000000a, run size=00000002 bytes, compression=zero_init


LINKER GENERATED HANDLER TABLE

__TI_handler_table @ 00002804 records: 3, size/record: 4, table size: 12
	index: 0, handler: __TI_decompress_lzss
	index: 1, handler: __TI_decompress_none
	index: 2, handler: __TI_zero_init


GLOBAL SYMBOLS: SORTED ALPHABETICALLY BY Name 

address   name                          
-------   ----                          
000015d1  ADC14_IRQHandler              
000015d1  ADC14_IRQHandler              
000026d3  AES256_IRQHandler             
000026d3  BusFault_Handler              
000026ed  C$$EXIT                       
000026d3  COMP_E0_IRQHandler            
000026d3  COMP_E1_IRQHandler            
000026d3  CS_IRQHandler                 
000026d3  DMA_ERR_IRQHandler            
000026d3  DMA_INT0_IRQHandler           
000026d3  DMA_INT1_IRQHandler           
000026d3  DMA_INT2_IRQHandler           
000026d3  DMA_INT3_IRQHandler           
000026d3  DebugMon_Handler              
000026d3  Default_Handler               
000026d3  EUSCIA0_IRQHandler            
000026d3  EUSCIA1_IRQHandler            
000026d3  EUSCIA2_IRQHandler            
000026d3  EUSCIA3_IRQHandler            
000026d3  EUSCIB0_IRQHandler            
000026d3  EUSCIB1_IRQHandler            
000026d3  EUSCIB2_IRQHandler            
000026d3  EUSCIB3_IRQHandler            
000026d3  FLCTL_IRQHandler              
000026d3  FPU_IRQHandler                
000026d3  HardFault_Handler             
000026d3  MemManage_Handler             
000026d3  NMI_Handler                   
000026d3  PCM_IRQHandler                
000026d3  PORT1_IRQHandler              
000026d3  PORT2_IRQHandler              
000026d3  PORT3_IRQHandler              
000026d3  PORT4_IRQHandler              
000026d3  PORT5_IRQHandler              
000026d3  PORT6_IRQHandler              
000026d3  PSS_IRQHandler                
000026d3  PendSV_Handler                
000026d3  RTC_C_IRQHandler              
000026c7  Reset_Handler                 
000026d3  SVC_Handler                   
000026d3  SysTick_Handler               
20000004  SystemCoreClock               
00000b35  SystemCoreClockUpdate         
00000dad  SystemInit                    
000026d3  T32_INT1_IRQHandler           
000026d3  T32_INT2_IRQHandler           
000026d3  T32_INTC_IRQHandler           
000026d3  TA0_0_IRQHandler              
000026d3  TA0_N_IRQHandler              
000026d3  TA1_0_IRQHandler              
000026d3  TA1_N_IRQHandler              
000026d3  TA2_0_IRQHandler              
000026d3  TA2_N_IRQHandler              
000026d3  TA3_0_IRQHandler              
000026d3  TA3_N_IRQHandler              
00001b21  UART_TX                       
00001b41  UART_TX_STRING                
000026d3  UsageFault_Handler            
4000480c  WDTCTL_SYM                    
000026d3  WDT_A_IRQHandler              
20010000  __STACK_END                   
00000200  __STACK_SIZE                  
00002818  __TI_CINIT_Base               
00002828  __TI_CINIT_Limit              
00002804  __TI_Handler_Table_Base       
00002810  __TI_Handler_Table_Limit      
000024ed  __TI_auto_init_nobinit_nopinit
0000228f  __TI_decompress_lzss          
000026b9  __TI_decompress_none          
000023b3  __TI_ltoa                     
ffffffff  __TI_pprof_out_hndl           
000000e5  __TI_printfi                  
ffffffff  __TI_prof_data_size           
ffffffff  __TI_prof_data_start          
00000000  __TI_static_base__            
00002613  __TI_zero_init_nomemset       
0000209b  __aeabi_cdcmpeq               
0000209b  __aeabi_cdcmple               
00002121  __aeabi_cdrcmple              
000024a5  __aeabi_d2iz                  
000012b3  __aeabi_dadd                  
0000173d  __aeabi_ddiv                  
00001ba5  __aeabi_dmul                  
000012a9  __aeabi_dsub                  
000026e1  __aeabi_errno_addr            
000025e5  __aeabi_i2d                   
00000b33  __aeabi_idiv0                 
00000b33  __aeabi_ldiv0                 
000021a7  __aeabi_memclr                
000021a7  __aeabi_memclr4               
000021a7  __aeabi_memclr8               
00001f69  __aeabi_memcpy                
00001f69  __aeabi_memcpy4               
00001f69  __aeabi_memcpy8               
000021a9  __aeabi_memset                
000021a9  __aeabi_memset4               
000021a9  __aeabi_memset8               
00002005  __aeabi_uldivmod              
ffffffff  __binit__                     
ffffffff  __c_args__                    
UNDEFED   __mpu_init                    
2000fe00  __stack                       
20000000  __start___llvm_prf_cnts       
20000000  __stop___llvm_prf_cnts        
000025b1  _c_int00_noargs               
000026f0  _ctypes_                      
UNDEFED   _system_post_cinit            
000026e9  _system_pre_init              
000026ed  abort                         
00002459  atoi                          
ffffffff  binit                         
000015b3  calibrate_digital_to_analog   
0000264b  copysign                      
0000264b  copysignl                     
00001e17  delay_us                      
2000000a  digitalVal                    
20000000  errno                         
20000008  flag                          
000022f9  frexp                         
000022f9  frexpl                        
00001d43  get_DCO_Frequency             
00001aa9  init_UART                     
00000000  interruptVectors              
00001999  ldexp                         
00001999  ldexpl                        
00001ec5  main                          
0000262f  memccpy                       
00001f69  memcpy                        
000021af  memset                        
00001999  scalbn                        
00001999  scalbnl                       
000014f7  select_clk_source             
00001461  select_sample_time_cycles     
00001567  setup_ADC14                   
00001ca1  setup_DCO                     
00001d0d  setup_MCLK_to_DCO             
00001d23  setup_SMCLK_to_DCO            
00002531  sprintf                       
0000267d  strchr                        
00002693  strlen                        
000026a7  wcslen                        


GLOBAL SYMBOLS: SORTED BY Symbol Address 

address   name                          
-------   ----                          
00000000  __TI_static_base__            
00000000  interruptVectors              
000000e5  __TI_printfi                  
00000200  __STACK_SIZE                  
00000b33  __aeabi_idiv0                 
00000b33  __aeabi_ldiv0                 
00000b35  SystemCoreClockUpdate         
00000dad  SystemInit                    
000012a9  __aeabi_dsub                  
000012b3  __aeabi_dadd                  
00001461  select_sample_time_cycles     
000014f7  select_clk_source             
00001567  setup_ADC14                   
000015b3  calibrate_digital_to_analog   
000015d1  ADC14_IRQHandler              
000015d1  ADC14_IRQHandler              
0000173d  __aeabi_ddiv                  
00001999  ldexp                         
00001999  ldexpl                        
00001999  scalbn                        
00001999  scalbnl                       
00001aa9  init_UART                     
00001b21  UART_TX                       
00001b41  UART_TX_STRING                
00001ba5  __aeabi_dmul                  
00001ca1  setup_DCO                     
00001d0d  setup_MCLK_to_DCO             
00001d23  setup_SMCLK_to_DCO            
00001d43  get_DCO_Frequency             
00001e17  delay_us                      
00001ec5  main                          
00001f69  __aeabi_memcpy                
00001f69  __aeabi_memcpy4               
00001f69  __aeabi_memcpy8               
00001f69  memcpy                        
00002005  __aeabi_uldivmod              
0000209b  __aeabi_cdcmpeq               
0000209b  __aeabi_cdcmple               
00002121  __aeabi_cdrcmple              
000021a7  __aeabi_memclr                
000021a7  __aeabi_memclr4               
000021a7  __aeabi_memclr8               
000021a9  __aeabi_memset                
000021a9  __aeabi_memset4               
000021a9  __aeabi_memset8               
000021af  memset                        
0000228f  __TI_decompress_lzss          
000022f9  frexp                         
000022f9  frexpl                        
000023b3  __TI_ltoa                     
00002459  atoi                          
000024a5  __aeabi_d2iz                  
000024ed  __TI_auto_init_nobinit_nopinit
00002531  sprintf                       
000025b1  _c_int00_noargs               
000025e5  __aeabi_i2d                   
00002613  __TI_zero_init_nomemset       
0000262f  memccpy                       
0000264b  copysign                      
0000264b  copysignl                     
0000267d  strchr                        
00002693  strlen                        
000026a7  wcslen                        
000026b9  __TI_decompress_none          
000026c7  Reset_Handler                 
000026d3  AES256_IRQHandler             
000026d3  BusFault_Handler              
000026d3  COMP_E0_IRQHandler            
000026d3  COMP_E1_IRQHandler            
000026d3  CS_IRQHandler                 
000026d3  DMA_ERR_IRQHandler            
000026d3  DMA_INT0_IRQHandler           
000026d3  DMA_INT1_IRQHandler           
000026d3  DMA_INT2_IRQHandler           
000026d3  DMA_INT3_IRQHandler           
000026d3  DebugMon_Handler              
000026d3  Default_Handler               
000026d3  EUSCIA0_IRQHandler            
000026d3  EUSCIA1_IRQHandler            
000026d3  EUSCIA2_IRQHandler            
000026d3  EUSCIA3_IRQHandler            
000026d3  EUSCIB0_IRQHandler            
000026d3  EUSCIB1_IRQHandler            
000026d3  EUSCIB2_IRQHandler            
000026d3  EUSCIB3_IRQHandler            
000026d3  FLCTL_IRQHandler              
000026d3  FPU_IRQHandler                
000026d3  HardFault_Handler             
000026d3  MemManage_Handler             
000026d3  NMI_Handler                   
000026d3  PCM_IRQHandler                
000026d3  PORT1_IRQHandler              
000026d3  PORT2_IRQHandler              
000026d3  PORT3_IRQHandler              
000026d3  PORT4_IRQHandler              
000026d3  PORT5_IRQHandler              
000026d3  PORT6_IRQHandler              
000026d3  PSS_IRQHandler                
000026d3  PendSV_Handler                
000026d3  RTC_C_IRQHandler              
000026d3  SVC_Handler                   
000026d3  SysTick_Handler               
000026d3  T32_INT1_IRQHandler           
000026d3  T32_INT2_IRQHandler           
000026d3  T32_INTC_IRQHandler           
000026d3  TA0_0_IRQHandler              
000026d3  TA0_N_IRQHandler              
000026d3  TA1_0_IRQHandler              
000026d3  TA1_N_IRQHandler              
000026d3  TA2_0_IRQHandler              
000026d3  TA2_N_IRQHandler              
000026d3  TA3_0_IRQHandler              
000026d3  TA3_N_IRQHandler              
000026d3  UsageFault_Handler            
000026d3  WDT_A_IRQHandler              
000026e1  __aeabi_errno_addr            
000026e9  _system_pre_init              
000026ed  C$$EXIT                       
000026ed  abort                         
000026f0  _ctypes_                      
00002804  __TI_Handler_Table_Base       
00002810  __TI_Handler_Table_Limit      
00002818  __TI_CINIT_Base               
00002828  __TI_CINIT_Limit              
20000000  __start___llvm_prf_cnts       
20000000  __stop___llvm_prf_cnts        
20000000  errno                         
20000004  SystemCoreClock               
20000008  flag                          
2000000a  digitalVal                    
2000fe00  __stack                       
20010000  __STACK_END                   
4000480c  WDTCTL_SYM                    
ffffffff  __TI_pprof_out_hndl           
ffffffff  __TI_prof_data_size           
ffffffff  __TI_prof_data_start          
ffffffff  __binit__                     
ffffffff  __c_args__                    
ffffffff  binit                         
UNDEFED   __mpu_init                    
UNDEFED   _system_post_cinit            

[141 symbols]
