******************************************************************************
                  TI ARM Linker PC v20.2.0                     
******************************************************************************
>> Linked Thu Jun 11 20:52:58 2020

OUTPUT FILE NAME:   <A8-UART Communication.out>
ENTRY POINT SYMBOL: "_c_int00_noargs"  address: 0000255d


MEMORY CONFIGURATION

         name            origin    length      used     unused   attr    fill
----------------------  --------  ---------  --------  --------  ----  --------
  MAIN                  00000000   00040000  000027cd  0003d833  R  X
  INFO                  00200000   00004000  00000000  00004000  R  X
  SRAM_CODE             01000000   00010000  0000020a  0000fdf6  RW X
  SRAM_DATA             20000000   00010000  0000020a  0000fdf6  RW  


SEGMENT ALLOCATION MAP

run origin  load origin   length   init length attrs members
----------  ----------- ---------- ----------- ----- -------
00000000    00000000    000027d0   000027d0    r-x
  00000000    00000000    000000e4   000000e4    r-- .intvecs
  000000e4    000000e4    000025b8   000025b8    r-x .text
  0000269c    0000269c    00000101   00000101    r-- .const
  000027a0    000027a0    00000030   00000030    r-- .cinit
20000000    20000000    0000000a   00000000    rw-
  20000000    20000000    00000008   00000000    rw- .data
  20000008    20000008    00000002   00000000    rw- .bss
2000fe00    2000fe00    00000200   00000000    rw-
  2000fe00    2000fe00    00000200   00000000    rw- .stack


SECTION ALLOCATION MAP

 output                                  attributes/
section   page    origin      length       input sections
--------  ----  ----------  ----------   ----------------
.intvecs   0    00000000    000000e4     
                  00000000    000000e4     startup_msp432p401r_ccs.obj (.intvecs:retain)

.text      0    000000e4    000025b8     
                  000000e4    00000a4e     rtsv7M4_T_le_v4SPD16_eabi.lib : _printfi.c.obj (.text:__TI_printfi)
                  00000b32    00000002                                   : div0.asm.obj (.text)
                  00000b34    00000334     system_msp432p401r.obj (.text)
                  00000e68    00000270     rtsv7M4_T_le_v4SPD16_eabi.lib : _printfi.c.obj (.text:_pconv_a)
                  000010d8    000001d0                                   : _printfi.c.obj (.text:_pconv_g)
                  000012a8    000001b6                                   : fd_add_t2.asm.obj (.text)
                  0000145e    00000002     --HOLE-- [fill = 0]
                  00001460    00000154     My_DAC.obj (.text)
                  000015b4    0000013c     My_UART.obj (.text)
                  000016f0    0000013c     rtsv7M4_T_le_v4SPD16_eabi.lib : _printfi.c.obj (.text:_pconv_e)
                  0000182c    00000136                                   : fd_div_t2.asm.obj (.text)
                  00001962    00000002     --HOLE-- [fill = 0]
                  00001964    00000124                                   : _printfi.c.obj (.text:fcvt)
                  00001a88    00000110                                   : s_scalbn.c.obj (.text:scalbn)
                  00001b98    000000fc                                   : fd_mul_t2.asm.obj (.text)
                  00001c94    000000c4     My_DCO.obj (.text)
                  00001d58    000000b1     rtsv7M4_T_le_v4SPD16_eabi.lib : _printfi.c.obj (.text:_ltostr)
                  00001e09    00000001     --HOLE-- [fill = 0]
                  00001e0a    000000ae     My_Delays.obj (.text)
                  00001eb8    0000009c     rtsv7M4_T_le_v4SPD16_eabi.lib : memcpy_t2.asm.obj (.text)
                  00001f54    00000096                                   : ull_div_t2.asm.obj (.text)
                  00001fea    00000086                                   : fd_cmp_t2.asm.obj (.text:__aeabi_cdcmple)
                  00002070    00000086                                   : fd_cmp_t2.asm.obj (.text:__aeabi_cdrcmple)
                  000020f6    0000007a                                   : memset_t2.asm.obj (.text)
                  00002170    0000006e                                   : _printfi.c.obj (.text:_mcpy)
                  000021de    00000068                                   : copy_decompress_lzss.c.obj (.text:decompress:lzss:__TI_decompress_lzss)
                  00002246    00000002     --HOLE-- [fill = 0]
                  00002248    00000064                                   : s_frexp.c.obj (.text:frexp)
                  000022ac    0000005c     main.obj (.text)
                  00002308    00000056     rtsv7M4_T_le_v4SPD16_eabi.lib : _printfi.c.obj (.text:_pconv_f)
                  0000235e    00000054                                   : _ltoa.c.obj (.text:__TI_ltoa)
                  000023b2    00000052                                   : _printfi.c.obj (.text:_ecpy)
                  00002404    0000004c                                   : atoi.c.obj (.text:atoi)
                  00002450    00000048                                   : fd_toi_t2.asm.obj (.text)
                  00002498    00000044                                   : autoinit.c.obj (.text:__TI_auto_init_nobinit_nopinit:__TI_auto_init_nobinit_nopinit)
                  000024dc    00000040                                   : sprintf.c.obj (.text:sprintf)
                  0000251c    0000003e                                   : _printfi.c.obj (.text:_fcpy)
                  0000255a    00000002     --HOLE-- [fill = 0]
                  0000255c    00000034                                   : boot_cortex_m.c.obj (.text:_c_int00_noargs:_c_int00_noargs)
                  00002590    0000002e                                   : i_tofd_t2.asm.obj (.text)
                  000025be    0000001c                                   : copy_zero_init.c.obj (.text:decompress:ZI:__TI_zero_init_nomemset:__TI_zero_init_nomemset)
                  000025da    0000001c                                   : memccpy.c.obj (.text:memccpy)
                  000025f6    0000001a                                   : s_copysign.c.obj (.text:copysign)
                  00002610    00000018                                   : sprintf.c.obj (.text:_outs)
                  00002628    00000016                                   : strchr.c.obj (.text:strchr)
                  0000263e    00000014                                   : strlen.c.obj (.text:strlen)
                  00002652    00000012                                   : wcslen.c.obj (.text:wcslen)
                  00002664    0000000e                                   : copy_decompress_none.c.obj (.text:decompress:none:__TI_decompress_none)
                  00002672    0000000e     startup_msp432p401r_ccs.obj (.text)
                  00002680    0000000a     rtsv7M4_T_le_v4SPD16_eabi.lib : sprintf.c.obj (.text:_outc)
                  0000268a    00000002     --HOLE-- [fill = 0]
                  0000268c    00000008                                   : errno.c.obj (.text:__aeabi_errno_addr)
                  00002694    00000004                                   : pre_init.c.obj (.text:_system_pre_init)
                  00002698    00000004                                   : exit.c.obj (.text:abort:abort)

.const     0    0000269c    00000101     
                  0000269c    00000101     rtsv7M4_T_le_v4SPD16_eabi.lib : ctype.c.obj (.const:.string:_ctypes_)

.cinit     0    000027a0    00000030     
                  000027a0    0000000c     (__TI_handler_table)
                  000027ac    0000000b     (.cinit..data.load) [load image, compression = lzss]
                  000027b7    00000001     --HOLE-- [fill = 0]
                  000027b8    00000008     (.cinit..bss.load) [load image, compression = zero_init]
                  000027c0    00000010     (__TI_cinit_table)

.init_array 
*          0    00000000    00000000     UNINITIALIZED

.binit     0    00000000    00000000     

.data      0    20000000    00000008     UNINITIALIZED
                  20000000    00000004     rtsv7M4_T_le_v4SPD16_eabi.lib : errno.c.obj (.data)
                  20000004    00000004     system_msp432p401r.obj (.data)

.bss       0    20000008    00000002     UNINITIALIZED
                  20000008    00000002     (.common:RX_DATA)

.stack     0    2000fe00    00000200     UNINITIALIZED
                  2000fe00    00000004     rtsv7M4_T_le_v4SPD16_eabi.lib : boot_cortex_m.c.obj (.stack)
                  2000fe04    000001fc     --HOLE--

__llvm_prf_cnts 
*          0    20000000    00000000     UNINITIALIZED

MODULE SUMMARY

       Module                        code   ro data   rw data
       ------                        ----   -------   -------
    .\
       system_msp432p401r.obj        820    0         8      
       My_DAC.obj                    340    0         0      
       My_UART.obj                   316    0         4      
       startup_msp432p401r_ccs.obj   14     228       0      
       My_DCO.obj                    196    0         0      
       My_Delays.obj                 174    0         0      
       main.obj                      92     0         0      
    +--+-----------------------------+------+---------+---------+
       Total:                        1952   228       12     
                                                             
    C:\ti\ccs1000\ccs\tools\compiler\ti-cgt-arm_20.2.0.LTS\lib\rtsv7M4_T_le_v4SPD16_eabi.lib
       _printfi.c.obj                4851   0         0      
       fd_add_t2.asm.obj             438    0         0      
       fd_div_t2.asm.obj             310    0         0      
       s_scalbn.c.obj                272    0         0      
       fd_cmp_t2.asm.obj             268    0         0      
       ctype.c.obj                   0      257       0      
       fd_mul_t2.asm.obj             252    0         0      
       memcpy_t2.asm.obj             156    0         0      
       ull_div_t2.asm.obj            150    0         0      
       memset_t2.asm.obj             122    0         0      
       copy_decompress_lzss.c.obj    104    0         0      
       s_frexp.c.obj                 100    0         0      
       sprintf.c.obj                 98     0         0      
       _ltoa.c.obj                   84     0         0      
       atoi.c.obj                    76     0         0      
       fd_toi_t2.asm.obj             72     0         0      
       autoinit.c.obj                68     0         0      
       boot_cortex_m.c.obj           52     0         0      
       i_tofd_t2.asm.obj             46     0         0      
       copy_zero_init.c.obj          28     0         0      
       memccpy.c.obj                 28     0         0      
       s_copysign.c.obj              26     0         0      
       strchr.c.obj                  22     0         0      
       strlen.c.obj                  20     0         0      
       wcslen.c.obj                  18     0         0      
       errno.c.obj                   8      0         8      
       copy_decompress_none.c.obj    14     0         0      
       exit.c.obj                    4      0         0      
       pre_init.c.obj                4      0         0      
       div0.asm.obj                  2      0         0      
    +--+-----------------------------+------+---------+---------+
       Total:                        7693   257       8      
                                                             
       Stack:                        0      0         1024   
       Linker Generated:             0      47        0      
    +--+-----------------------------+------+---------+---------+
       Grand Total:                  9645   532       1044   


LINKER GENERATED COPY TABLES

__TI_cinit_table @ 000027c0 records: 2, size/record: 8, table size: 16
	.data: load addr=000027ac, load size=0000000b bytes, run addr=20000000, run size=00000008 bytes, compression=lzss
	.bss: load addr=000027b8, load size=00000008 bytes, run addr=20000008, run size=00000002 bytes, compression=zero_init


LINKER GENERATED HANDLER TABLE

__TI_handler_table @ 000027a0 records: 3, size/record: 4, table size: 12
	index: 0, handler: __TI_decompress_lzss
	index: 1, handler: __TI_decompress_none
	index: 2, handler: __TI_zero_init


GLOBAL SYMBOLS: SORTED ALPHABETICALLY BY Name 

address   name                          
-------   ----                          
0000267f  ADC14_IRQHandler              
0000267f  AES256_IRQHandler             
0000267f  BusFault_Handler              
00002699  C$$EXIT                       
0000267f  COMP_E0_IRQHandler            
0000267f  COMP_E1_IRQHandler            
0000267f  CS_IRQHandler                 
0000267f  DMA_ERR_IRQHandler            
0000267f  DMA_INT0_IRQHandler           
0000267f  DMA_INT1_IRQHandler           
0000267f  DMA_INT2_IRQHandler           
0000267f  DMA_INT3_IRQHandler           
0000267f  DebugMon_Handler              
0000267f  Default_Handler               
000016af  EUSCIA0_IRQHandler            
000016af  EUSCIA0_IRQHandler            
0000267f  EUSCIA1_IRQHandler            
0000267f  EUSCIA2_IRQHandler            
0000267f  EUSCIA3_IRQHandler            
0000267f  EUSCIB0_IRQHandler            
0000267f  EUSCIB1_IRQHandler            
0000267f  EUSCIB2_IRQHandler            
0000267f  EUSCIB3_IRQHandler            
0000267f  FLCTL_IRQHandler              
0000267f  FPU_IRQHandler                
0000267f  HardFault_Handler             
0000267f  MemManage_Handler             
0000267f  NMI_Handler                   
0000267f  PCM_IRQHandler                
0000267f  PORT1_IRQHandler              
0000267f  PORT2_IRQHandler              
0000267f  PORT3_IRQHandler              
0000267f  PORT4_IRQHandler              
0000267f  PORT5_IRQHandler              
0000267f  PORT6_IRQHandler              
0000267f  PSS_IRQHandler                
0000267f  PendSV_Handler                
0000267f  RTC_C_IRQHandler              
20000008  RX_DATA                       
00002673  Reset_Handler                 
0000267f  SVC_Handler                   
0000267f  SysTick_Handler               
20000004  SystemCoreClock               
00000b35  SystemCoreClockUpdate         
00000dad  SystemInit                    
0000267f  T32_INT1_IRQHandler           
0000267f  T32_INT2_IRQHandler           
0000267f  T32_INTC_IRQHandler           
0000267f  TA0_0_IRQHandler              
0000267f  TA0_N_IRQHandler              
0000267f  TA1_0_IRQHandler              
0000267f  TA1_N_IRQHandler              
0000267f  TA2_0_IRQHandler              
0000267f  TA2_N_IRQHandler              
0000267f  TA3_0_IRQHandler              
0000267f  TA3_N_IRQHandler              
0000164d  UART_TX                       
0000166d  UART_TX_STRING                
0000267f  UsageFault_Handler            
4000480c  WDTCTL_SYM                    
0000267f  WDT_A_IRQHandler              
20010000  __STACK_END                   
00000200  __STACK_SIZE                  
000027c0  __TI_CINIT_Base               
000027d0  __TI_CINIT_Limit              
000027a0  __TI_Handler_Table_Base       
000027ac  __TI_Handler_Table_Limit      
00002499  __TI_auto_init_nobinit_nopinit
000021df  __TI_decompress_lzss          
00002665  __TI_decompress_none          
0000235f  __TI_ltoa                     
ffffffff  __TI_pprof_out_hndl           
000000e5  __TI_printfi                  
ffffffff  __TI_prof_data_size           
ffffffff  __TI_prof_data_start          
00000000  __TI_static_base__            
000025bf  __TI_zero_init_nomemset       
00001feb  __aeabi_cdcmpeq               
00001feb  __aeabi_cdcmple               
00002071  __aeabi_cdrcmple              
00002451  __aeabi_d2iz                  
000012b3  __aeabi_dadd                  
0000182d  __aeabi_ddiv                  
00001b99  __aeabi_dmul                  
000012a9  __aeabi_dsub                  
0000268d  __aeabi_errno_addr            
00002591  __aeabi_i2d                   
00000b33  __aeabi_idiv0                 
00000b33  __aeabi_ldiv0                 
000020f7  __aeabi_memclr                
000020f7  __aeabi_memclr4               
000020f7  __aeabi_memclr8               
00001eb9  __aeabi_memcpy                
00001eb9  __aeabi_memcpy4               
00001eb9  __aeabi_memcpy8               
000020f9  __aeabi_memset                
000020f9  __aeabi_memset4               
000020f9  __aeabi_memset8               
00001f55  __aeabi_uldivmod              
ffffffff  __binit__                     
ffffffff  __c_args__                    
UNDEFED   __mpu_init                    
2000fe00  __stack                       
20000000  __start___llvm_prf_cnts       
20000000  __stop___llvm_prf_cnts        
0000255d  _c_int00_noargs               
0000269c  _ctypes_                      
UNDEFED   _system_post_cinit            
00002695  _system_pre_init              
00002699  abort                         
00002405  atoi                          
ffffffff  binit                         
000025f7  copysign                      
000025f7  copysignl                     
0000152f  dac_write                     
00001e0b  delay_us                      
20000000  errno                         
00002249  frexp                         
00002249  frexpl                        
00001d37  get_DCO_Frequency             
00001511  get_lower                     
000014ef  get_upper                     
000015b5  init_UART                     
00001461  init_spi                      
00000000  interruptVectors              
00001a89  ldexp                         
00001a89  ldexpl                        
000022ad  main                          
000025db  memccpy                       
00001eb9  memcpy                        
000020ff  memset                        
00001a89  scalbn                        
00001a89  scalbnl                       
00001c95  setup_DCO                     
00001d01  setup_MCLK_to_DCO             
00001d17  setup_SMCLK_to_DCO            
000024dd  sprintf                       
00002629  strchr                        
0000263f  strlen                        
00002653  wcslen                        


GLOBAL SYMBOLS: SORTED BY Symbol Address 

address   name                          
-------   ----                          
00000000  __TI_static_base__            
00000000  interruptVectors              
000000e5  __TI_printfi                  
00000200  __STACK_SIZE                  
00000b33  __aeabi_idiv0                 
00000b33  __aeabi_ldiv0                 
00000b35  SystemCoreClockUpdate         
00000dad  SystemInit                    
000012a9  __aeabi_dsub                  
000012b3  __aeabi_dadd                  
00001461  init_spi                      
000014ef  get_upper                     
00001511  get_lower                     
0000152f  dac_write                     
000015b5  init_UART                     
0000164d  UART_TX                       
0000166d  UART_TX_STRING                
000016af  EUSCIA0_IRQHandler            
000016af  EUSCIA0_IRQHandler            
0000182d  __aeabi_ddiv                  
00001a89  ldexp                         
00001a89  ldexpl                        
00001a89  scalbn                        
00001a89  scalbnl                       
00001b99  __aeabi_dmul                  
00001c95  setup_DCO                     
00001d01  setup_MCLK_to_DCO             
00001d17  setup_SMCLK_to_DCO            
00001d37  get_DCO_Frequency             
00001e0b  delay_us                      
00001eb9  __aeabi_memcpy                
00001eb9  __aeabi_memcpy4               
00001eb9  __aeabi_memcpy8               
00001eb9  memcpy                        
00001f55  __aeabi_uldivmod              
00001feb  __aeabi_cdcmpeq               
00001feb  __aeabi_cdcmple               
00002071  __aeabi_cdrcmple              
000020f7  __aeabi_memclr                
000020f7  __aeabi_memclr4               
000020f7  __aeabi_memclr8               
000020f9  __aeabi_memset                
000020f9  __aeabi_memset4               
000020f9  __aeabi_memset8               
000020ff  memset                        
000021df  __TI_decompress_lzss          
00002249  frexp                         
00002249  frexpl                        
000022ad  main                          
0000235f  __TI_ltoa                     
00002405  atoi                          
00002451  __aeabi_d2iz                  
00002499  __TI_auto_init_nobinit_nopinit
000024dd  sprintf                       
0000255d  _c_int00_noargs               
00002591  __aeabi_i2d                   
000025bf  __TI_zero_init_nomemset       
000025db  memccpy                       
000025f7  copysign                      
000025f7  copysignl                     
00002629  strchr                        
0000263f  strlen                        
00002653  wcslen                        
00002665  __TI_decompress_none          
00002673  Reset_Handler                 
0000267f  ADC14_IRQHandler              
0000267f  AES256_IRQHandler             
0000267f  BusFault_Handler              
0000267f  COMP_E0_IRQHandler            
0000267f  COMP_E1_IRQHandler            
0000267f  CS_IRQHandler                 
0000267f  DMA_ERR_IRQHandler            
0000267f  DMA_INT0_IRQHandler           
0000267f  DMA_INT1_IRQHandler           
0000267f  DMA_INT2_IRQHandler           
0000267f  DMA_INT3_IRQHandler           
0000267f  DebugMon_Handler              
0000267f  Default_Handler               
0000267f  EUSCIA1_IRQHandler            
0000267f  EUSCIA2_IRQHandler            
0000267f  EUSCIA3_IRQHandler            
0000267f  EUSCIB0_IRQHandler            
0000267f  EUSCIB1_IRQHandler            
0000267f  EUSCIB2_IRQHandler            
0000267f  EUSCIB3_IRQHandler            
0000267f  FLCTL_IRQHandler              
0000267f  FPU_IRQHandler                
0000267f  HardFault_Handler             
0000267f  MemManage_Handler             
0000267f  NMI_Handler                   
0000267f  PCM_IRQHandler                
0000267f  PORT1_IRQHandler              
0000267f  PORT2_IRQHandler              
0000267f  PORT3_IRQHandler              
0000267f  PORT4_IRQHandler              
0000267f  PORT5_IRQHandler              
0000267f  PORT6_IRQHandler              
0000267f  PSS_IRQHandler                
0000267f  PendSV_Handler                
0000267f  RTC_C_IRQHandler              
0000267f  SVC_Handler                   
0000267f  SysTick_Handler               
0000267f  T32_INT1_IRQHandler           
0000267f  T32_INT2_IRQHandler           
0000267f  T32_INTC_IRQHandler           
0000267f  TA0_0_IRQHandler              
0000267f  TA0_N_IRQHandler              
0000267f  TA1_0_IRQHandler              
0000267f  TA1_N_IRQHandler              
0000267f  TA2_0_IRQHandler              
0000267f  TA2_N_IRQHandler              
0000267f  TA3_0_IRQHandler              
0000267f  TA3_N_IRQHandler              
0000267f  UsageFault_Handler            
0000267f  WDT_A_IRQHandler              
0000268d  __aeabi_errno_addr            
00002695  _system_pre_init              
00002699  C$$EXIT                       
00002699  abort                         
0000269c  _ctypes_                      
000027a0  __TI_Handler_Table_Base       
000027ac  __TI_Handler_Table_Limit      
000027c0  __TI_CINIT_Base               
000027d0  __TI_CINIT_Limit              
20000000  __start___llvm_prf_cnts       
20000000  __stop___llvm_prf_cnts        
20000000  errno                         
20000004  SystemCoreClock               
20000008  RX_DATA                       
2000fe00  __stack                       
20010000  __STACK_END                   
4000480c  WDTCTL_SYM                    
ffffffff  __TI_pprof_out_hndl           
ffffffff  __TI_prof_data_size           
ffffffff  __TI_prof_data_start          
ffffffff  __binit__                     
ffffffff  __c_args__                    
ffffffff  binit                         
UNDEFED   __mpu_init                    
UNDEFED   _system_post_cinit            

[140 symbols]
